---
source: crates/ox_content_ssg/src/html/tests/rendering.rs
expression: "super::snapshot_text(&html)"
---
<!DOCTYPE html>
<html lang="ar" dir="rtl">
<head>
  <meta charset="UTF-8">
  <meta name="viewport" content="width=device-width, initial-scale=1.0">
  <meta name="color-scheme" content="light dark">
  <script>(() => {
  const root = document.documentElement;
  let stored = null;

  try {
    stored = localStorage.getItem("theme");
  } catch {
    // Storage may be unavailable in privacy modes. The system scheme remains usable.
  }

  if (stored === "light" || stored === "dark") {
    root.setAttribute("data-theme", stored);
  } else {
    root.removeAttribute("data-theme");
  }
})();
</script>
  <title>مرحبا - Localized</title>
  <meta property="og:type" content="website">
  <meta property="og:title" content="مرحبا - Localized">
  <meta name="twitter:card" content="summary_large_image">
  <meta name="twitter:title" content="مرحبا - Localized">
  <!-- ox-content:styles:start -->
  <style>/* ox-content:css:base:start */
:root {
  color-scheme: light dark;
  --octc-sidebar-width: 260px;
  --octc-toc-width: 17rem;
  --octc-toc-gap: 2.5rem;
  --octc-toc-pad-inline: 1.25rem;
  --octc-header-height: 60px;
  --octc-mobile-footer-height: 56px;
  --octc-max-content-width: 960px;
  --octc-mobile-gutter: clamp(1rem, 4vw, 1.25rem);
  --octc-font-sans: "IBM Plex Sans", "Avenir Next", "Segoe UI Variable", "Segoe UI", sans-serif;
  --octc-font-mono: "IBM Plex Mono", "SFMono-Regular", Consolas, monospace;
  --octc-color-bg: #ffffff;
  --octc-color-bg-alt: #f5f7fb;
  --octc-color-text: #131a30;
  --octc-color-text-muted: #4f607b;
  --octc-color-border: #d2dbea;
  --octc-color-primary: #4f6fae;
  --octc-color-primary-hover: #425f96;
  --octc-color-code-bg: #101a31;
  --octc-color-code-bg-top: #18264a;
  --octc-color-code-text: #edf3ff;
  --octc-color-code-line-highlight: rgba(56, 189, 248, 0.16);
  --octc-color-code-line-warning: rgba(245, 158, 11, 0.18);
  --octc-color-code-line-warning-border: #f59e0b;
  --octc-color-code-line-error: rgba(239, 68, 68, 0.18);
  --octc-color-code-line-error-border: #ef4444;
  --octc-color-code-line-add: rgba(34, 197, 94, 0.16);
  --octc-color-code-line-add-border: #22c55e;
  --octc-color-code-line-remove: rgba(248, 113, 113, 0.14);
  --octc-color-code-line-remove-border: #ef4444;
  --octc-color-code-line-focus: rgba(79, 111, 174, 0.16);
  --octc-color-code-line-dim: 0.45;
  --octc-color-code-title-bg: #18264a;
  --octc-color-code-title-text: #dce7ff;
  --octc-color-code-title-border: rgba(167, 183, 213, 0.26);
  --octc-color-code-line-number: rgba(177, 191, 219, 0.78);
  --octc-color-code-frame-border: rgba(147, 166, 200, 0.46);
  --octc-brand-violet: #4f6fae;
  --octc-brand-cyan: #91ede9;
  --octc-brand-lime: #b9ff66;
  --octc-brand-coral: #ff915c;
  --octc-brand-navy: #2b3c5a;
  --octc-brand-violet-rgb: 79, 111, 174;
  --octc-brand-cyan-rgb: 145, 237, 233;
  --octc-brand-lime-rgb: 185, 255, 102;
  --octc-brand-coral-rgb: 255, 145, 92;
  --octc-color-backdrop: rgba(15, 23, 42, 0.48);
  --octc-surface-glass: #f7f9fc;
  --octc-surface-line: #e2e9f3;
  --octc-surface-noise-image: url("data:image/svg+xml,%3Csvg xmlns='http://www.w3.org/2000/svg' viewBox='0 0 180 180'%3E%3Cfilter id='noise'%3E%3CfeTurbulence type='fractalNoise' baseFrequency='1.2' numOctaves='2' stitchTiles='stitch'/%3E%3C/filter%3E%3Crect width='180' height='180' filter='url(%23noise)' opacity='0.062'/%3E%3C/svg%3E");
  --octc-surface-noise-size: 164px 164px;
  --octc-color-on-primary: var(--octc-color-bg);
  --octc-color-tip: #0891b2;
  --octc-color-info: #2563eb;
  --octc-color-warning: #d97706;
  --octc-color-danger: #dc2626;
  --octc-color-success: #16a34a;
  --octc-color-deprecated: #7c3aed;
  --octc-color-required: #c2410c;
  --octc-focus-ring: 2px solid var(--octc-color-primary);
  --octc-focus-offset: 2px;
  --octc-motion-base: 150ms;
  --octc-motion-ease: ease;
  --octc-code-pad-block: 1.1rem;
  --octc-code-pad-inline: 1.15rem;
  --octc-code-title-pad-block: 0.75rem;
  --octc-code-title-gap: 0.875rem;
  --octc-table-cell-pad-block: 0.75rem;
  --octc-table-cell-pad-inline: 1rem;
  --octc-touch-target: 44px;
}
[data-theme="light"] {
  color-scheme: light;
}
[data-theme="dark"] {
  color-scheme: dark;
  --octc-color-bg: #060816;
  --octc-color-bg-alt: #0d1528;
  --octc-color-text: #ebf2ff;
  --octc-color-text-muted: #8ea0bf;
  --octc-color-border: #223252;
  --octc-color-primary: #86a4da;
  --octc-color-primary-hover: #a3bbe8;
  --octc-color-code-bg: #0a1020;
  --octc-color-code-bg-top: #0a1020;
  --octc-color-code-text: #e7f0ff;
  --octc-color-code-line-highlight: rgba(14, 165, 233, 0.2);
  --octc-color-code-line-warning: rgba(245, 158, 11, 0.2);
  --octc-color-code-line-warning-border: #f59e0b;
  --octc-color-code-line-error: rgba(239, 68, 68, 0.22);
  --octc-color-code-line-error-border: #f87171;
  --octc-color-code-line-add: rgba(34, 197, 94, 0.18);
  --octc-color-code-line-add-border: #4ade80;
  --octc-color-code-line-remove: rgba(248, 113, 113, 0.18);
  --octc-color-code-line-remove-border: #f87171;
  --octc-color-code-line-focus: rgba(134, 164, 218, 0.16);
  --octc-color-code-line-dim: 0.35;
  --octc-color-code-title-bg: rgba(15, 23, 42, 0.82);
  --octc-color-code-title-text: #d7e2f7;
  --octc-color-code-title-border: rgba(131, 151, 184, 0.22);
  --octc-color-code-line-number: rgba(131, 151, 184, 0.78);
  --octc-color-code-frame-border: rgba(34, 50, 82, 0.92);
  --octc-color-backdrop: rgba(2, 6, 18, 0.68);
  --octc-surface-glass: #0c1324;
  --octc-surface-line: #1b2944;
  --octc-surface-noise-image: url("data:image/svg+xml,%3Csvg xmlns='http://www.w3.org/2000/svg' viewBox='0 0 180 180'%3E%3Cfilter id='noise'%3E%3CfeTurbulence type='fractalNoise' baseFrequency='1.25' numOctaves='2' stitchTiles='stitch'/%3E%3C/filter%3E%3Crect width='180' height='180' filter='url(%23noise)' opacity='0.098'/%3E%3C/svg%3E");
}
@media (prefers-color-scheme: dark) {
  :root:not([data-theme="light"]) {
    --octc-color-bg: #060816;
    --octc-color-bg-alt: #0d1528;
    --octc-color-text: #ebf2ff;
    --octc-color-text-muted: #8ea0bf;
    --octc-color-border: #223252;
    --octc-color-primary: #86a4da;
    --octc-color-primary-hover: #a3bbe8;
    --octc-color-code-bg: #0a1020;
    --octc-color-code-bg-top: #0a1020;
    --octc-color-code-text: #e7f0ff;
    --octc-color-code-line-highlight: rgba(14, 165, 233, 0.2);
    --octc-color-code-line-warning: rgba(245, 158, 11, 0.2);
    --octc-color-code-line-warning-border: #f59e0b;
    --octc-color-code-line-error: rgba(239, 68, 68, 0.22);
    --octc-color-code-line-error-border: #f87171;
    --octc-color-code-line-add: rgba(34, 197, 94, 0.18);
    --octc-color-code-line-add-border: #4ade80;
    --octc-color-code-line-remove: rgba(248, 113, 113, 0.18);
    --octc-color-code-line-remove-border: #f87171;
    --octc-color-code-line-focus: rgba(134, 164, 218, 0.16);
    --octc-color-code-line-dim: 0.35;
    --octc-color-code-title-bg: rgba(15, 23, 42, 0.82);
    --octc-color-code-title-text: #d7e2f7;
    --octc-color-code-title-border: rgba(131, 151, 184, 0.22);
    --octc-color-code-line-number: rgba(131, 151, 184, 0.78);
    --octc-color-code-frame-border: rgba(34, 50, 82, 0.92);
    --octc-color-backdrop: rgba(2, 6, 18, 0.68);
    --octc-surface-glass: #0c1324;
    --octc-surface-line: #1b2944;
    --octc-surface-noise-image: url("data:image/svg+xml,%3Csvg xmlns='http://www.w3.org/2000/svg' viewBox='0 0 180 180'%3E%3Cfilter id='noise'%3E%3CfeTurbulence type='fractalNoise' baseFrequency='1.25' numOctaves='2' stitchTiles='stitch'/%3E%3C/filter%3E%3Crect width='180' height='180' filter='url(%23noise)' opacity='0.098'/%3E%3C/svg%3E");
  }
}
* {
  box-sizing: border-box;
  margin: 0;
  padding: 0;
}

html {
  -webkit-text-size-adjust: 100%;
  text-size-adjust: 100%;
  scroll-padding-top: calc(var(--octc-header-height) + 1rem);
}
@media (prefers-reduced-motion: no-preference) {
  html {
    scroll-behavior: smooth;
  }
}
body {
  font-family: var(--octc-font-sans);
  line-height: 1.7;
  color: var(--octc-color-text);
  min-height: 100vh;
  background: var(--octc-color-bg);
  background-image: var(--octc-surface-noise-image);
  background-size: var(--octc-surface-noise-size);
  background-repeat: repeat;
  background-blend-mode: soft-light;
  overflow-x: hidden;
}
body.search-open {
  overflow: hidden;
}
body.menu-open {
  overflow: hidden;
  overscroll-behavior: none;
}
a {
  color: var(--octc-color-primary);
  text-decoration: none;
  text-decoration-color: color-mix(in srgb, var(--octc-color-primary) 45%, transparent);
}
a:hover {
  color: var(--octc-color-primary-hover);
  text-decoration: underline;
}
.header {
  position: fixed;
  top: 0;
  left: 0;
  right: 0;
  height: var(--octc-header-height);
  background: color-mix(in srgb, var(--octc-color-bg) 92%, var(--octc-color-bg-alt));
  border-bottom: 1px solid
    color-mix(in srgb, var(--octc-color-border) 75%, var(--octc-surface-line));
  display: flex;
  align-items: center;
  padding: 0 1.5rem;
  z-index: 100;
}
.header,
.search-modal,
.mobile-footer,
.content blockquote.ox-callout {
  background-image: var(--octc-surface-noise-image);
  background-size: var(--octc-surface-noise-size);
  background-repeat: repeat;
  background-blend-mode: soft-light;
}
.header-title {
  display: inline-flex;
  align-items: center;
  gap: 0.75rem;
  font-size: 1.25rem;
  font-weight: 700;
  letter-spacing: -0.02em;
  color: var(--octc-color-text);
}
.header-title--logo-only {
  gap: 0;
}
.header-logo {
  display: block;
  margin-right: 8px;
  vertical-align: middle;
}
.header-title--logo-only .header-logo {
  margin-right: 0;
}
.header-title:hover {
  text-decoration: none;
}
.theme-asset--dark {
  display: none;
}
[data-theme="dark"] .theme-asset--light {
  display: none;
}
[data-theme="dark"] .theme-asset--dark {
  display: block;
}
[data-theme="light"] .theme-asset--light {
  display: block;
}
[data-theme="light"] .theme-asset--dark {
  display: none;
}
.menu-toggle {
  display: none;
  background: none;
  border: none;
  cursor: pointer;
  padding: 0.5rem;
  margin-right: 0.75rem;
}
.menu-toggle svg {
  display: block;
}
.menu-toggle path {
  stroke: var(--octc-color-text);
}
.header-actions {
  margin-left: auto;
  display: flex;
  align-items: center;
  gap: 0.5rem;
}
.ox-header-select {
  position: relative;
}
.ox-header-select > button {
  display: inline-flex;
  align-items: center;
  background: none;
  border: none;
  border-radius: 4px;
  color: var(--octc-color-text-muted);
  cursor: pointer;
  font: inherit;
  font-size: 0.875rem;
  padding: 0.5rem 0.6rem;
  white-space: nowrap;
}
.ox-header-select > button::after {
  content: "";
  width: 0.35em;
  height: 0.35em;
  border-right: 1.5px solid currentColor;
  border-bottom: 1.5px solid currentColor;
  transform: rotate(45deg);
  margin-inline-start: 0.4rem;
  margin-bottom: 0.15em;
}
.ox-header-select > button:hover,
.ox-header-select > button[aria-expanded="true"] {
  background: color-mix(in srgb, var(--octc-color-bg-alt) 82%, var(--octc-color-primary) 12%);
  color: var(--octc-color-text);
}
.ox-header-select-menu {
  display: none;
  position: absolute;
  top: calc(100% + 0.35rem);
  inset-inline-end: 0;
  min-width: 8rem;
  margin: 0;
  padding: 0.4rem 0;
  list-style: none;
  background: var(--octc-color-bg);
  border: 1px solid var(--octc-color-border);
  border-radius: 6px;
  z-index: 120;
}
.ox-header-select > button[aria-expanded="true"] + .ox-header-select-menu {
  display: block;
}
.ox-header-select-menu a,
.ox-header-select-menu span {
  display: block;
  padding: 0.4rem 0.85rem;
  color: var(--octc-color-text);
  text-decoration: none;
  white-space: nowrap;
}
.ox-header-select-menu a:hover {
  background: color-mix(in srgb, var(--octc-color-bg-alt) 82%, var(--octc-color-primary) 12%);
  color: var(--octc-color-text);
  text-decoration: none;
}
.ox-header-select-menu [aria-current="page"] {
  color: var(--octc-color-text);
  font-weight: 600;
}
.ox-version-badge {
  display: inline-block;
  margin-inline-start: 0.35rem;
  font-size: 0.75em;
  color: var(--octc-color-text-muted);
}
.ox-version-banner {
  padding: 0.6rem 1rem;
  border-bottom: 1px solid var(--octc-color-border);
  background: var(--octc-color-bg-alt);
  color: var(--octc-color-text);
}
.ox-version-banner--unreleased {
  background: color-mix(
    in srgb,
    var(--octc-color-code-line-warning-border) 16%,
    var(--octc-color-bg)
  );
}
.ox-version-banner--unmaintained {
  background: var(--octc-color-bg-alt);
  color: var(--octc-color-text-muted);
}
.social-link {
  display: flex;
  align-items: center;
  justify-content: center;
  padding: 0.5rem;
  border-radius: 4px;
  color: var(--octc-color-text-muted);
}
.social-link:hover {
  background: color-mix(in srgb, var(--octc-color-bg-alt) 82%, var(--octc-color-primary) 12%);
  color: var(--octc-color-text);
  text-decoration: none;
}
.social-link svg {
  display: block;
}
.search-button {
  display: flex;
  align-items: center;
  gap: 0.5rem;
  padding: 0.5rem 0.75rem;
  background: color-mix(in srgb, var(--octc-color-bg-alt) 90%, var(--octc-color-primary) 10%);
  border: 1px solid color-mix(in srgb, var(--octc-color-border) 88%, var(--octc-color-bg));
  border-radius: 4px;
  color: var(--octc-color-text-muted);
  cursor: pointer;
  font-size: 0.875rem;
}
.search-button:hover {
  border-color: var(--octc-color-primary);
  color: var(--octc-color-text);
  background: color-mix(in srgb, var(--octc-color-bg-alt) 82%, var(--octc-color-primary) 10%);
}
.search-button svg {
  width: 16px;
  height: 16px;
}
.search-button kbd {
  padding: 0.125rem 0.375rem;
  background: var(--octc-color-bg);
  border: 1px solid var(--octc-color-border);
  border-radius: 4px;
  font-family: var(--octc-font-mono);
  font-size: 0.75rem;
}
@media (max-width: 640px) {
  .search-button span,
  .search-button kbd {
    display: none;
  }
  .search-button {
    padding: 0.5rem;
  }
}
.search-modal-overlay {
  display: none;
  position: fixed;
  inset: 0;
  z-index: 200;
  justify-content: center;
  align-items: flex-start;
  padding: clamp(4rem, 10vh, 7rem) 1rem 1rem;
  overflow-y: auto;
  overscroll-behavior: contain;
  background: var(--octc-color-backdrop);
  -webkit-backdrop-filter: blur(14px) saturate(120%);
  backdrop-filter: blur(14px) saturate(120%);
}
.search-modal-overlay.open {
  display: flex;
}
.search-modal {
  width: 100%;
  max-width: 560px;
  background: var(--octc-color-bg);
  border: 1px solid var(--octc-color-border);
  border-radius: 4px;
  overflow: hidden;
  height: 70vh;
  max-height: 70vh;
  display: flex;
  flex-direction: column;
}
.search-header {
  display: flex;
  align-items: center;
  gap: 0.75rem;
  padding: 1rem;
  border-bottom: 1px solid var(--octc-color-border);
}
.search-header svg {
  flex-shrink: 0;
  color: var(--octc-color-text-muted);
}
.search-input {
  flex: 1;
  background: none;
  border: none;
  outline: none;
  font-size: 1rem;
  color: var(--octc-color-text);
}
.search-input::placeholder {
  color: var(--octc-color-text-muted);
}
.search-close {
  padding: 0.25rem 0.5rem;
  background: var(--octc-color-bg-alt);
  border: 1px solid var(--octc-color-border);
  border-radius: 4px;
  color: var(--octc-color-text-muted);
  font-family: var(--octc-font-mono);
  font-size: 0.75rem;
  cursor: pointer;
}
.search-results {
  flex: 1;
  overflow-y: auto;
  padding: 0.5rem;
}
.search-result {
  display: block;
  padding: 0.75rem 1rem;
  border-radius: 4px;
  color: var(--octc-color-text);
  text-decoration: none;
}
.search-result:hover,
.search-result.selected {
  background: var(--octc-color-bg-alt);
  text-decoration: none;
}
.search-result-title {
  display: flex;
  align-items: center;
  gap: 0.5rem;
  flex-wrap: wrap;
  font-weight: 600;
  font-size: 0.875rem;
  margin-bottom: 0.25rem;
}
.search-result-scope {
  display: inline-flex;
  align-items: center;
  padding: 0.125rem 0.5rem;
  border-radius: 4px;
  background: color-mix(in srgb, var(--octc-color-primary) 14%, transparent);
  color: var(--octc-color-primary);
  font-size: 0.6875rem;
  font-weight: 700;
  letter-spacing: 0.04em;
  text-transform: uppercase;
}
.search-result-snippet {
  font-size: 0.8125rem;
  color: var(--octc-color-text-muted);
}
.search-empty {
  padding: 2rem 1rem;
  text-align: center;
  color: var(--octc-color-text-muted);
}
.search-footer {
  display: flex;
  align-items: center;
  justify-content: center;
  gap: 1rem;
  padding: 0.75rem 1rem;
  border-top: 1px solid var(--octc-color-border);
  background: var(--octc-color-bg-alt);
  font-size: 0.75rem;
  color: var(--octc-color-text-muted);
}
.search-footer kbd {
  padding: 0.125rem 0.375rem;
  background: var(--octc-color-bg);
  border: 1px solid var(--octc-color-border);
  border-radius: 4px;
  font-family: var(--octc-font-mono);
}
.theme-toggle {
  background: none;
  border: none;
  cursor: pointer;
  padding: 0.5rem;
  border-radius: 4px;
  color: var(--octc-color-text-muted);
}
.theme-toggle:hover {
  background: color-mix(in srgb, var(--octc-color-bg-alt) 82%, var(--octc-color-primary) 12%);
  color: var(--octc-color-text);
}
.theme-toggle svg {
  display: block;
  width: 20px;
  height: 20px;
}
.theme-toggle .icon-sun {
  display: none;
}
.theme-toggle .icon-moon {
  display: block;
}
[data-theme="dark"] .theme-toggle .icon-sun {
  display: block;
}
[data-theme="dark"] .theme-toggle .icon-moon {
  display: none;
}
@media (prefers-color-scheme: dark) {
  :root:not([data-theme="light"]) .theme-toggle .icon-sun {
    display: block;
  }
  :root:not([data-theme="light"]) .theme-toggle .icon-moon {
    display: none;
  }
  :root:not([data-theme="light"]) .theme-asset--light {
    display: none;
  }
  :root:not([data-theme="light"]) .theme-asset--dark {
    display: block;
  }
}
/* Mobile footer theme icons */
.mobile-footer-btn .icon-sun {
  display: none;
}
.mobile-footer-btn .icon-moon {
  display: block;
}
[data-theme="dark"] .mobile-footer-btn .icon-sun {
  display: block;
}
[data-theme="dark"] .mobile-footer-btn .icon-moon {
  display: none;
}
@media (prefers-color-scheme: dark) {
  :root:not([data-theme="light"]) .mobile-footer-btn .icon-sun {
    display: block;
  }
  :root:not([data-theme="light"]) .mobile-footer-btn .icon-moon {
    display: none;
  }
}
.layout {
  display: flex;
  padding-top: var(--octc-header-height);
  min-height: 100vh;
}
.sidebar {
  position: fixed;
  top: var(--octc-header-height);
  left: 0;
  bottom: 0;
  width: var(--octc-sidebar-width);
  background: color-mix(in srgb, var(--octc-color-bg-alt) 16%, var(--octc-color-bg));
  border-right: 1px solid color-mix(in srgb, var(--octc-color-border) 48%, transparent);
  border-radius: 0;
  overflow-y: auto;
  overscroll-behavior: contain;
  padding: 1rem 0.875rem 1.5rem;
  scrollbar-width: thin;
  scrollbar-color: var(--octc-color-border) transparent;
}
.entry-page .sidebar--entry {
  display: none;
}

[data-theme="dark"] .sidebar {
  background: color-mix(in srgb, var(--octc-color-bg-alt) 28%, var(--octc-color-bg));
  border-color: color-mix(in srgb, var(--octc-color-border) 52%, transparent);
}

@media (prefers-color-scheme: dark) {
  :root:not([data-theme="light"]) .sidebar {
    background: color-mix(in srgb, var(--octc-color-bg-alt) 28%, var(--octc-color-bg));
    border-color: color-mix(in srgb, var(--octc-color-border) 52%, transparent);
  }
}
.sidebar nav {
  display: flex;
  flex-direction: column;
  gap: 1rem;
}
.sidebar::-webkit-scrollbar {
  width: 6px;
}
.sidebar::-webkit-scrollbar-track {
  background: transparent;
}
.sidebar::-webkit-scrollbar-thumb {
  background: var(--octc-color-border);
  border-radius: 3px;
}
.sidebar::-webkit-scrollbar-thumb:hover {
  background: var(--octc-color-text-muted);
}
.nav-section {
  margin-bottom: 0;
}
.nav-title {
  font-size: 0.6875rem;
  font-weight: 600;
  text-transform: uppercase;
  letter-spacing: 0.08em;
  color: var(--octc-color-text-muted);
  margin-bottom: 0.4rem;
  padding: 0 0.625rem;
}
.nav-title--summary,
.nav-details > .nav-summary {
  display: flex;
  align-items: flex-start;
  min-width: 0;
  list-style: none;
  cursor: pointer;
}
.nav-title--summary::-webkit-details-marker,
.nav-summary::-webkit-details-marker {
  display: none;
}
.nav-title--summary::before,
.nav-details > .nav-summary::before {
  content: "";
  flex: 0 0 auto;
  width: 0.4rem;
  height: 0.4rem;
  margin-block-start: 0.32rem;
  margin-inline-end: 0.45rem;
  border-right: 1.5px solid currentColor;
  border-bottom: 1.5px solid currentColor;
  color: var(--octc-color-text-muted);
  transform: rotate(-45deg);
  transform-origin: center;
  transition: transform var(--octc-motion-base) var(--octc-motion-ease);
}
.nav-details > .nav-summary::before {
  margin-block-start: 0.8rem;
  margin-inline-start: 0.45rem;
}
.nav-section--collapsible[open] > .nav-title--summary::before,
.nav-details[open] > .nav-summary::before {
  transform: rotate(45deg);
}
[dir="rtl"] .nav-section--collapsible:not([open]) > .nav-title--summary::before,
[dir="rtl"] .nav-details:not([open]) > .nav-summary::before {
  transform: rotate(135deg);
}
.nav-list {
  list-style: none;
  display: flex;
  flex-direction: column;
  gap: 0.125rem;
}
.nav-list--nested {
  margin-inline-start: 0.65rem;
  padding-inline-start: 0.75rem;
  border-inline-start: 1px solid color-mix(in srgb, var(--octc-color-border) 64%, transparent);
}
.nav-list--nested .nav-list--nested {
  margin-inline-start: 0.4rem;
  padding-inline-start: 0.65rem;
}
.nav-item {
  margin: 0;
}
.nav-link {
  display: block;
  padding: 0.45rem 0.625rem;
  border-radius: 0;
  border: 0;
  color: color-mix(in srgb, var(--octc-color-text) 92%, var(--octc-color-text-muted));
  font-size: 0.875rem;
}
.nav-link.active {
  background: color-mix(in srgb, var(--octc-color-bg-alt) 72%, transparent);
  color: var(--octc-color-text);
  font-weight: 600;
}
@media (any-hover: hover) and (any-pointer: fine) {
  .nav-link:hover {
    background: color-mix(in srgb, var(--octc-color-bg-alt) 58%, transparent);
    text-decoration: none;
    color: var(--octc-color-text);
  }
  [data-theme="dark"] .nav-link:not(.active):hover {
    background: color-mix(in srgb, var(--octc-color-bg-alt) 42%, transparent);
  }
  .nav-link.active:hover {
    background: color-mix(in srgb, var(--octc-color-bg-alt) 72%, transparent);
    color: var(--octc-color-text);
  }
}
@media (any-hover: hover) and (any-pointer: fine) and (prefers-color-scheme: dark) {
  :root:not([data-theme="light"]) .nav-link:not(.active):hover {
    background: color-mix(in srgb, var(--octc-color-bg-alt) 42%, transparent);
  }
}
.nav-link--summary {
  flex: 1;
  min-width: 0;
  padding-inline-start: 0.25rem;
  overflow-wrap: anywhere;
}
@media (prefers-reduced-motion: reduce) {
  .nav-title--summary::before,
  .nav-details > .nav-summary::before {
    transition: none;
  }
  .content pre.ox-code-block.has-focused .line,
  .content pre.ox-code-block .ox-code-line--dimmed {
    filter: none;
  }
}
.main {
  flex: 1;
  margin-left: var(--octc-sidebar-width);
  padding: 2rem;
  min-width: 0;
  overflow-x: hidden;
}
.main--with-toc {
  padding-right: 2rem;
}
.content {
  max-width: var(--octc-max-content-width);
  margin: 0 auto;
  overflow-wrap: break-word;
  word-wrap: break-word;
}
.last-updated {
  max-width: var(--octc-max-content-width);
  margin: 2rem auto 0;
  padding-top: 1rem;
  border-top: 1px solid color-mix(in srgb, var(--octc-color-border) 78%, transparent);
  color: var(--octc-color-text-muted);
  font-size: 0.875rem;
}
.pager {
  max-width: var(--octc-max-content-width);
  margin: 2rem auto 0;
  padding-top: 1rem;
  border-top: 1px solid color-mix(in srgb, var(--octc-color-border) 78%, transparent);
  display: flex;
  justify-content: space-between;
  gap: 1.5rem;
  font-size: 0.875rem;
}
.pager-link {
  display: flex;
  flex-direction: column;
  gap: 0.2rem;
  min-width: 0;
  color: inherit;
  text-decoration: none;
}
.pager-link--next {
  margin-left: auto;
  text-align: right;
}
.pager-label {
  color: var(--octc-color-text-muted);
  font-size: 0.75rem;
}
.pager-title {
  color: var(--octc-color-text);
  font-weight: 600;
}
.pager-link:hover .pager-title {
  color: var(--octc-color-primary);
}
.ox-breadcrumbs {
  max-width: var(--octc-max-content-width);
  margin: 0 auto 1.25rem;
  color: var(--octc-color-text-muted);
  font-size: 0.875rem;
}
.ox-breadcrumbs-list {
  display: flex;
  flex-wrap: wrap;
  align-items: center;
  gap: 0.25rem 0;
  list-style: none;
  margin: 0;
  padding: 0;
}
.ox-breadcrumbs-item {
  display: inline-flex;
  align-items: center;
}
.ox-breadcrumbs-item:not(:last-child)::after {
  content: "/";
  margin: 0 0.5rem;
  color: color-mix(in srgb, var(--octc-color-text-muted) 80%, transparent);
}
.ox-breadcrumbs-link {
  color: inherit;
  text-decoration: none;
}
.ox-breadcrumbs-link:hover {
  color: var(--octc-color-primary);
}
.ox-breadcrumbs-current {
  color: var(--octc-color-text);
  font-weight: 600;
}
.content h1 {
  font-size: clamp(2.4rem, 5vw, 3.1rem);
  margin-bottom: 1rem;
  line-height: 1.08;
  letter-spacing: -0.045em;
}
/* Vertical rhythm: body blocks (p, lists) sit 1rem apart, framed blocks (pre,
 * tables, quotes, figures) 1.25rem, and headings clear more above than below —
 * a section break should read bigger than a paragraph break, and the gap under
 * a heading smaller than the gap over it. */
.content > :first-child {
  margin-top: 0;
}
.content h2 {
  font-size: 1.5rem;
  margin-top: 2.75rem;
  margin-bottom: 0.85rem;
  padding-bottom: 0.4rem;
  border-bottom: 1px solid color-mix(in srgb, var(--octc-color-border) 78%, transparent);
}
.content h3 {
  font-size: 1.25rem;
  margin-top: 2rem;
  margin-bottom: 0.6rem;
}
.content h2 + h3 {
  margin-top: 1.25rem;
}
.content h4 {
  font-size: 1rem;
  margin-top: 1.5rem;
  margin-bottom: 0.5rem;
}
.content p {
  margin-bottom: 1rem;
}
.content ul,
.content ol {
  margin: 1rem 0;
  padding-left: 1.5rem;
}
.content li {
  margin: 0.3rem 0;
}
.content li > ul,
.content li > ol {
  margin: 0.3rem 0;
}
.content blockquote {
  border-left: 4px solid var(--octc-color-primary);
  padding: 0.875rem 1rem 0.875rem 1.125rem;
  margin: 1.25rem 0;
  background: color-mix(in srgb, var(--octc-color-bg-alt) 90%, var(--octc-color-primary) 10%);
  border-radius: 0 4px 4px 0;
}
.content blockquote.ox-callout {
  --octc-callout-accent: var(--octc-color-primary);
  border-left-width: 3px;
  border-left-color: var(--octc-callout-accent);
  padding: 0.9rem 1rem;
  border-radius: 4px;
  background: color-mix(in srgb, var(--octc-color-bg-alt) 92%, var(--octc-callout-accent) 8%);
}
.content blockquote.ox-callout.ox-callout--note,
.content blockquote.ox-callout.ox-callout--important {
  --octc-callout-accent: var(--octc-color-primary);
}
.content blockquote.ox-callout.ox-callout--tip {
  --octc-callout-accent: var(--octc-color-tip);
}
.content blockquote.ox-callout.ox-callout--warning {
  --octc-callout-accent: var(--octc-color-warning);
}
.content blockquote.ox-callout.ox-callout--caution {
  --octc-callout-accent: var(--octc-color-danger);
}
.content .ox-callout-title {
  margin: 0 0 0.5rem;
  font-size: 0.75rem;
  font-weight: 700;
  letter-spacing: 0.08em;
  text-transform: uppercase;
  color: var(--octc-callout-accent, var(--octc-color-primary));
}
.content blockquote.ox-callout > :last-child {
  margin-bottom: 0;
}
.content blockquote.ox-callout > :not(.ox-callout-title):first-of-type {
  margin-top: 0;
}
.content .ox-container {
  --octc-container-accent: var(--octc-color-primary);
  border-left: 3px solid var(--octc-container-accent);
  padding: 0.9rem 1rem;
  margin: 1.25rem 0;
  border-radius: 4px;
  background: color-mix(in srgb, var(--octc-color-bg-alt) 92%, var(--octc-container-accent) 8%);
}
.content .ox-container--tip {
  --octc-container-accent: var(--octc-color-tip);
}
.content .ox-container--warning,
.content .ox-container--caution {
  --octc-container-accent: var(--octc-color-warning);
}
.content .ox-container--danger {
  --octc-container-accent: var(--octc-color-danger);
}
.content .ox-container-title,
.content .ox-container summary {
  margin: 0 0 0.5rem;
  font-size: 0.75rem;
  font-weight: 700;
  letter-spacing: 0.08em;
  text-transform: uppercase;
  color: var(--octc-container-accent, var(--octc-color-primary));
}
.content .ox-container > :last-child {
  margin-bottom: 0;
}
.content .ox-card-grid {
  display: grid;
  grid-template-columns: repeat(auto-fit, minmax(16rem, 1fr));
  gap: 1rem;
  margin: 1.25rem 0;
}
.content .ox-card,
.content .ox-link-card {
  display: block;
  padding: 1rem 1.15rem;
  border: 1px solid var(--octc-color-border);
  border-radius: 4px;
  background: var(--octc-color-bg-alt);
  text-decoration: none;
  color: inherit;
}
.content .ox-link-card:hover {
  border-color: var(--octc-color-primary);
}
.content .ox-card-title,
.content .ox-link-card-title {
  display: block;
  margin: 0 0 0.4rem;
  font-weight: 700;
}
.content .ox-card > :first-child,
.content .ox-card > :first-of-type,
.content .ox-link-card > :first-child,
.content .ox-link-card > :first-of-type {
  margin-top: 0;
}
.content .ox-card > :last-child,
.content .ox-link-card > :last-child {
  margin-bottom: 0;
}
/* A band, not a panel. The rounded filled box this replaces stacked a second
   border around every code block or callout nested in a step, but it was not
   decoration: a steps preview is often followed by the fence showing its own
   source, and without a boundary the two ran together (#939). Rules above and
   below with a whisper of fill keep that boundary while the list itself reads
   as body copy. */
.content .ox-steps {
  margin: 1.75rem 0 2rem;
  padding: 1.15rem 0;
  border: 0;
  border-block: 1px solid color-mix(in srgb, var(--octc-color-border) 68%, transparent);
  border-radius: 0;
  background: color-mix(in srgb, var(--octc-color-bg-alt) 22%, transparent);
}
.content .ox-steps__list {
  list-style: none;
  margin: 0;
  padding: 0;
  counter-reset: ox-steps;
}
.content .ox-steps__item {
  position: relative;
  margin: 0;
  padding: 0 0 1.15rem 2.15rem;
  counter-increment: ox-steps;
}
.content .ox-steps__item:last-child {
  padding-bottom: 0;
}
.content .ox-steps__item::before {
  content: counter(ox-steps);
  position: absolute;
  left: 0;
  top: 0.08rem;
  display: flex;
  align-items: center;
  justify-content: center;
  width: 1.4rem;
  height: 1.4rem;
  border-radius: 999px;
  background: var(--octc-color-primary);
  color: var(--octc-color-on-primary);
  font-size: 0.75rem;
  font-weight: 700;
}
/* The rail is per item, not on the list, so it stops at the last number
   instead of trailing past the final line of text. */
.content .ox-steps__item::after {
  content: "";
  position: absolute;
  left: calc(0.7rem - 0.5px);
  top: 1.68rem;
  bottom: 0.3rem;
  width: 1px;
  background: var(--octc-color-border);
}
.content .ox-steps__item:last-child::after {
  content: none;
}
.content .ox-steps__item > :first-child {
  margin-top: 0;
}
.content .ox-steps__item > :last-child {
  margin-bottom: 0;
}
.content .ox-badge {
  --octc-badge-accent: var(--octc-color-primary);
  display: inline-block;
  padding: 0.1em 0.45em;
  border-radius: 999px;
  font-size: 0.75em;
  font-weight: 600;
  letter-spacing: 0.02em;
  line-height: 1.4;
  vertical-align: 0.1em;
  border: 1px solid color-mix(in srgb, var(--octc-badge-accent) 35%, transparent);
  color: var(--octc-badge-accent);
  background: color-mix(in srgb, var(--octc-color-bg-alt) 88%, var(--octc-badge-accent) 12%);
}
.content .ox-badge--tip {
  --octc-badge-accent: var(--octc-color-tip);
}
.content .ox-badge--note {
  --octc-badge-accent: var(--octc-color-primary);
}
.content .ox-badge--info {
  --octc-badge-accent: var(--octc-color-info);
}
.content .ox-badge--warning {
  --octc-badge-accent: var(--octc-color-warning);
}
.content .ox-badge--danger {
  --octc-badge-accent: var(--octc-color-danger);
}
.content .ox-badge--success {
  --octc-badge-accent: var(--octc-color-success);
}
.content .ox-badge--deprecated {
  --octc-badge-accent: var(--octc-color-deprecated);
}
.content .ox-badge--required {
  --octc-badge-accent: var(--octc-color-required);
}
.content .ox-magic-link {
  display: inline-flex;
  align-items: center;
  gap: 0.26em;
  max-width: 100%;
  padding: 0.08em 0.38em 0.08em 0.24em;
  border: 1px solid color-mix(in srgb, var(--octc-color-border) 88%, transparent);
  border-radius: 0.42em;
  background: color-mix(in srgb, var(--octc-color-bg-alt) 82%, var(--octc-color-bg) 18%);
  color: inherit;
  line-height: 1;
  text-decoration: none;
  vertical-align: -0.08em;
}
.content .ox-magic-link:hover {
  border-color: color-mix(in srgb, var(--octc-color-primary) 45%, var(--octc-color-border));
}
.content .ox-magic-link:focus-visible {
  outline: var(--octc-focus-ring);
  outline-offset: var(--octc-focus-offset);
}
.content .ox-magic-link__image {
  width: 1em;
  height: 1em;
  margin: 0;
  border-radius: 999px;
  object-fit: cover;
  flex: 0 0 auto;
}
.content .ox-magic-link__label {
  font-weight: 600;
  font-size: 0.9em;
}
.content .ox-figure {
  margin: 1.25rem 0;
}
.content .ox-figure img {
  margin-inline: auto;
}
.content .ox-figure figcaption {
  margin-top: 0.5rem;
  color: var(--octc-color-text-muted);
  font-size: 0.875rem;
  text-align: center;
}
.content .ox-math-inline {
  display: inline;
}
.content .ox-math-block {
  display: block;
  margin: 1.25rem 0;
  overflow-x: auto;
  text-align: center;
}
.content .ox-math .katex-display {
  margin: 0;
}
.content code {
  font-family: var(--octc-font-mono);
  font-size: 0.875em;
  background: color-mix(in srgb, var(--octc-color-bg-alt) 90%, var(--octc-color-bg));
  border: 1px solid color-mix(in srgb, var(--octc-color-border) 72%, transparent);
  padding: 0.3em 0.5em;
  border-radius: 4px;
  word-break: normal;
  overflow-wrap: break-word;
}
.content pre {
  background: var(--octc-color-code-bg) !important;
  color: var(--octc-color-code-text);
  padding: var(--octc-code-pad-block) var(--octc-code-pad-inline);
  border-radius: 4px;
  border: 1px solid var(--octc-color-code-frame-border);
  overflow-x: auto;
  margin: 1.25rem 0;
  line-height: 1.5;
}
.content pre code {
  background: transparent;
  border: 0;
  padding: 0;
  border-radius: 0;
  font-size: 0.8125rem;
  word-break: normal;
}
.content pre.ox-code-block code {
  display: block;
}
/* Each `.line` is a block, so the newline the highlighter writes between two of
   them renders as a second break inside a `pre` and every code line comes out
   double-spaced. Collapsing whitespace on the `code` drops those newlines;
   each line restores its own. The `:has` guard leaves a block whose code was
   never split into lines — an unhighlighted one — reading its indentation from
   the `pre` as before. */
.content pre.ox-code-block code:has(> .line) {
  white-space: normal;
}
.content pre.ox-code-block code:has(> .line) > .line {
  white-space: pre;
}
.content pre.ox-code-block--wrap {
  overflow-x: hidden;
  white-space: pre-wrap;
}
.content pre.ox-code-block--wrap code,
.content pre.ox-code-block--wrap .line {
  white-space: inherit;
  overflow-wrap: anywhere;
}
.content pre.ox-code-block--wrap code:has(> .line) > .line {
  white-space: pre-wrap;
}
.content pre.ox-code-block--nowrap {
  overflow-x: auto;
  white-space: pre;
}
.content pre.ox-code-block[data-code-title]::before {
  content: attr(data-code-title);
  display: block;
  margin: calc(-1 * var(--octc-code-pad-block)) calc(-1 * var(--octc-code-pad-inline))
    var(--octc-code-title-gap);
  padding: var(--octc-code-title-pad-block) var(--octc-code-pad-inline);
  border-bottom: 1px solid var(--octc-color-code-title-border);
  background: var(--octc-color-code-title-bg);
  color: var(--octc-color-code-title-text);
  font-family: var(--octc-font-mono);
  font-size: 0.75rem;
  font-weight: 600;
  letter-spacing: 0.02em;
}
.content pre.ox-code-block .line {
  display: block;
  margin: 0 calc(-1 * var(--octc-code-pad-inline));
  padding: 0 var(--octc-code-pad-inline);
  position: relative;
}
.content pre.ox-code-block.line-numbers-mode .line {
  padding-left: 3rem;
}
.content pre.ox-code-block.line-numbers-mode .line::before {
  content: attr(data-line-number);
  position: absolute;
  left: var(--octc-code-pad-inline);
  width: 1.65rem;
  text-align: right;
  color: var(--octc-color-code-line-number);
  user-select: none;
  pointer-events: none;
}
.content pre.ox-code-block .ox-code-line:target {
  scroll-margin-top: calc(var(--octc-header-height) + 1rem);
  opacity: 1;
  filter: none;
  background: var(--octc-color-code-line-focus);
  outline: 1px solid color-mix(in srgb, var(--octc-color-primary) 48%, transparent);
  outline-offset: -1px;
}
.content pre.ox-code-block.has-focused .line {
  opacity: var(--octc-color-code-line-dim);
  filter: blur(0.6px);
}
.content pre.ox-code-block.has-focused .line.focused {
  opacity: 1;
  filter: none;
  background: var(--octc-color-code-line-focus);
}
.content pre.ox-code-block .ox-code-line--dimmed {
  opacity: var(--octc-color-code-line-dim);
  filter: blur(0.6px);
}
.content pre.ox-code-block .ox-code-line--highlight {
  background: var(--octc-color-code-line-highlight);
}
.content pre.ox-code-block .ox-code-line--warning {
  background: var(--octc-color-code-line-warning);
  border-left: 3px solid var(--octc-color-code-line-warning-border);
}
.content pre.ox-code-block .ox-code-line--error {
  background: var(--octc-color-code-line-error);
  border-left: 3px solid var(--octc-color-code-line-error-border);
}
.content pre.ox-code-block .ox-code-line--add {
  background: var(--octc-color-code-line-add);
  border-left: 3px solid var(--octc-color-code-line-add-border);
}
.content pre.ox-code-block .ox-code-line--remove {
  background: var(--octc-color-code-line-remove);
  border-left: 3px solid var(--octc-color-code-line-remove-border);
}
.content pre.ox-code-block .ox-code-line--focus {
  background: var(--octc-color-code-line-focus);
}
.content table {
  display: block;
  width: max-content;
  max-width: 100%;
  box-sizing: border-box;
  border: 1px solid var(--octc-color-border);
  border-collapse: separate;
  border-spacing: 0;
  overflow-x: auto;
  -webkit-overflow-scrolling: touch;
  margin: 1.25rem 0;
  font-size: 0.875rem;
}
.content table[data-ox-table-scrollable]:focus-visible {
  outline: var(--octc-focus-ring);
  outline-offset: var(--octc-focus-offset);
}
.content table > caption {
  padding: var(--octc-table-cell-pad-block) var(--octc-table-cell-pad-inline);
  border-bottom: 1px solid var(--octc-color-border);
  background: var(--octc-color-bg-alt);
  color: var(--octc-color-text-muted);
  font-size: 0.8125rem;
  font-weight: 600;
  text-align: start;
}
.content th,
.content td {
  border: 0;
  border-inline-end: 1px solid var(--octc-color-border);
  border-block-end: 1px solid var(--octc-color-border);
  padding: var(--octc-table-cell-pad-block) var(--octc-table-cell-pad-inline);
  text-align: start;
}
.content tr > :last-child {
  border-inline-end: 0;
}
.content table > :last-child > tr:last-child > * {
  border-block-end: 0;
}
.content th {
  background: var(--octc-color-bg-alt);
  font-weight: 600;
}
.content img {
  max-width: 100%;
  height: auto;
  border-radius: 4px;
  display: block;
}
.content img[alt*="Logo"] {
  max-width: 180px;
}
.content hr {
  border: none;
  border-top: 1px solid var(--octc-color-border);
  margin: 2rem 0;
}
.content .ox-api-controls {
  display: flex;
  justify-content: flex-end;
  align-items: center;
  gap: 0.5rem;
  margin: 0 0 1rem;
}
.content .ox-api-controls__button {
  appearance: none;
  border: 1px solid color-mix(in srgb, var(--octc-color-border) 82%, transparent);
  background: color-mix(in srgb, var(--octc-color-bg-alt) 82%, var(--octc-color-bg));
  padding: 0.4rem 0.7rem;
  border-radius: 4px;
  color: color-mix(in srgb, var(--octc-color-text) 82%, var(--octc-color-text-muted));
  font-family: var(--octc-font-mono);
  font-size: 0.78rem;
  font-weight: 600;
  line-height: 1.4;
  cursor: pointer;
}
.content .ox-api-controls__button:hover {
  color: var(--octc-color-primary);
  border-color: color-mix(in srgb, var(--octc-color-primary) 38%, var(--octc-color-border));
  background: color-mix(in srgb, var(--octc-color-bg-alt) 68%, var(--octc-color-primary) 6%);
}
.content .ox-api-entry,
.content .ox-api-module {
  margin: 0;
  border: 0;
  border-top: 1px solid color-mix(in srgb, var(--octc-color-border) 74%, transparent);
  border-radius: 0;
  background: transparent;
  overflow: visible;
}
.content .ox-api-entry:last-child,
.content .ox-api-module:last-child {
  border-bottom: 1px solid color-mix(in srgb, var(--octc-color-border) 74%, transparent);
}
.content .ox-api-entry summary,
.content .ox-api-module summary {
  list-style: none;
  cursor: pointer;
  padding: 1rem 0;
  position: relative;
}
.content .ox-api-entry summary::-webkit-details-marker,
.content .ox-api-module summary::-webkit-details-marker {
  display: none;
}
.content .ox-api-entry summary {
  display: grid;
  grid-template-columns: var(--octc-api-kind-width, 6.5rem) minmax(0, 1fr) auto;
  align-items: start;
  gap: 0.95rem;
}
.content .ox-api-entry summary::after,
.content .ox-api-module summary::after {
  content: "+";
  align-self: center;
  color: var(--octc-color-text-muted);
  font-family: var(--octc-font-mono);
  font-size: 0.95rem;
  font-weight: 600;
  line-height: 1;
}
.content .ox-api-entry[open] summary::after,
.content .ox-api-module[open] summary::after {
  content: "−";
  color: var(--octc-color-primary);
}
.content .ox-api-entry[open] summary,
.content .ox-api-module[open] summary {
  border-bottom: 1px solid color-mix(in srgb, var(--octc-color-border) 72%, transparent);
}
.content .ox-api-entry__kind,
.content .ox-api-module__kind {
  display: block;
  width: var(--octc-api-kind-width, 6.5rem);
  padding: 0.3rem 0 0;
  background: transparent;
  border: 0;
  font-family: var(--octc-font-mono);
  font-size: 0.76rem;
  font-weight: 600;
  letter-spacing: 0.01em;
  text-align: left;
  white-space: nowrap;
  color: var(--octc-color-text-muted);
}
.content .ox-api-module__count {
  display: inline-flex;
  align-items: center;
  padding: 0.2rem 0.48rem;
  border-radius: 4px;
  background: color-mix(in srgb, var(--octc-color-bg-alt) 84%, var(--octc-color-primary) 8%);
  border: 1px solid color-mix(in srgb, var(--octc-color-border) 82%, transparent);
  color: var(--octc-color-text-muted);
  font-family: var(--octc-font-mono);
  font-size: 0.72rem;
  font-weight: 600;
  letter-spacing: 0.03em;
  white-space: nowrap;
}
.content .ox-api-entry__name {
  display: block;
  font-family: var(--octc-font-mono);
  font-size: 0.95rem;
  font-weight: 600;
  line-height: 1.55;
}
.content .ox-api-entry__signature,
.content .ox-api-module__signature {
  display: block;
  width: 100%;
  min-width: 0;
  font-family: var(--octc-font-mono);
  font-size: 0.95rem;
  line-height: 1.55;
  white-space: nowrap;
  overflow-x: auto;
  overflow-y: hidden;
  -webkit-overflow-scrolling: touch;
}
.content .ox-api-entry__description {
  display: block;
  color: color-mix(in srgb, var(--octc-color-text) 78%, var(--octc-color-text-muted));
  font-size: 0.9rem;
  line-height: 1.6;
  max-width: 72ch;
}
.content .ox-api-entry__summary-main {
  min-width: 0;
  display: flex;
  flex-direction: column;
  gap: 0.55rem;
}
.content .ox-api-entry__name,
.content .ox-api-entry__signature,
.content .ox-api-module__name,
.content .ox-api-module__signature {
  background: transparent;
  padding: 0;
  border-radius: 0;
  word-break: normal;
}
.content code.ox-highlight-inline.ox-api-entry__signature--highlighted,
.content code.ox-highlight-inline.ox-api-module__signature--highlighted {
  display: block;
  width: 100%;
  max-width: 100%;
  background: var(--octc-color-code-bg) !important;
  border: 1px solid var(--octc-color-code-frame-border) !important;
  padding: 0.55rem 0.7rem !important;
  border-radius: 4px !important;
  white-space: nowrap;
  overflow-x: auto;
  overflow-y: hidden;
  -webkit-overflow-scrolling: touch;
}
.content code.ox-highlight-inline.ox-api-entry__signature--highlighted .line,
.content code.ox-highlight-inline.ox-api-module__signature--highlighted .line {
  display: block;
  width: max-content;
  min-width: 100%;
}
.content .ox-api-entry__body,
.content .ox-api-module__body {
  padding: 0.7rem 0 1.9rem;
}
.content .ox-api-entry__body {
  margin-left: calc(var(--octc-api-kind-width, 6.5rem) + 0.95rem);
  margin-top: 0.7rem;
  margin-bottom: 1rem;
  padding: 1.45rem 1rem 2.1rem 1.1rem;
  border: 1px solid color-mix(in srgb, var(--octc-color-border) 72%, transparent);
  border-radius: 4px;
  background: color-mix(in srgb, var(--octc-color-bg-alt) 68%, transparent);
}
.content .ox-api-entry__body > :first-child {
  margin-top: 0;
}
.content .ox-api-entry__body > :last-child {
  margin-bottom: 0;
}
.content .ox-api-entry[open] summary {
  padding-bottom: 0.35rem;
}
.content .ox-api-entry__section {
  display: grid;
  grid-template-columns: 6.5rem minmax(0, 1fr);
  gap: 0.2rem 1.25rem;
  align-items: start;
  margin-top: 1rem;
  padding-top: 1rem;
  border-top: 1px solid color-mix(in srgb, var(--octc-color-border) 72%, transparent);
}
.content .ox-api-entry__section h4 {
  margin-top: 0;
  margin-bottom: 0;
  padding-top: 0.25rem;
  font-family: var(--octc-font-mono);
  font-size: 0.78rem;
  font-weight: 700;
  letter-spacing: 0.04em;
  text-transform: uppercase;
  color: var(--octc-color-text-muted);
}
.content .ox-api-entry__section > :not(h4) {
  /* The section grid is [6.5rem label | content]. Pin every content child to
     the content column: with more than one (a Members section renders one
     group per kind), auto-placement drops the second child into the narrow
     label column. */
  grid-column: 2;
  min-width: 0;
}
.content .ox-api-entry__source {
  margin: 0 0 0.15rem;
  font-family: var(--octc-font-mono);
  font-size: 0.78rem;
  color: var(--octc-color-text-muted);
}
.content .ox-api-entry__source a {
  color: inherit;
  text-decoration-color: color-mix(in srgb, var(--octc-color-text-muted) 38%, transparent);
}
.content .ox-api-entry__source-link {
  display: inline-flex;
  align-items: center;
  gap: 0.35rem;
}
.content .ox-api-entry__source-icon {
  width: 0.82em;
  height: 0.82em;
  flex: 0 0 auto;
  background-color: currentColor;
  -webkit-mask: url("data:image/svg+xml,%3Csvg%20xmlns='http://www.w3.org/2000/svg'%20viewBox='0%200%2024%2024'%3E%3Cpath%20fill='none'%20stroke='black'%20stroke-linecap='round'%20stroke-linejoin='round'%20stroke-width='2'%20d='M18%2013v6a2%202%200%200%201-2%202H5a2%202%200%200%201-2-2V8a2%202%200%200%201%202-2h6M15%203h6v6M10%2014%2021%203'/%3E%3C/svg%3E")
    center / contain no-repeat;
  mask: url("data:image/svg+xml,%3Csvg%20xmlns='http://www.w3.org/2000/svg'%20viewBox='0%200%2024%2024'%3E%3Cpath%20fill='none'%20stroke='black'%20stroke-linecap='round'%20stroke-linejoin='round'%20stroke-width='2'%20d='M18%2013v6a2%202%200%200%201-2%202H5a2%202%200%200%201-2-2V8a2%202%200%200%201%202-2h6M15%203h6v6M10%2014%2021%203'/%3E%3C/svg%3E")
    center / contain no-repeat;
}
.content .ox-api-entry__tags,
.content .ox-api-module__list {
  list-style: none;
  padding-left: 0;
  margin: 0;
}
.content .ox-api-entry__tags {
  display: flex;
  flex-wrap: wrap;
  gap: 0.6rem;
}
.content .ox-api-entry__tags li {
  display: inline-flex;
  align-items: center;
  gap: 0.45rem;
  padding: 0.4rem 0.55rem;
  border: 1px solid color-mix(in srgb, var(--octc-color-border) 80%, transparent);
  border-radius: 4px;
  background: color-mix(in srgb, var(--octc-color-bg-alt) 72%, transparent);
}
.content .ox-api-module__list li {
  display: grid;
  grid-template-columns: var(--octc-api-kind-width, 6.5rem) minmax(0, 1fr);
  align-items: start;
  gap: 1rem;
  padding: 0.85rem 0;
  border-top: 1px solid color-mix(in srgb, var(--octc-color-border) 70%, transparent);
}
.content .ox-api-module__list li:first-child {
  border-top: none;
}
.content .ox-api-entry__tag-name,
.content .ox-api-module__title {
  font-weight: 700;
}
.content .ox-api-entry__tag-name {
  color: var(--octc-color-primary);
  font-family: var(--octc-font-mono);
  font-size: 0.74rem;
}
.content .ox-api-entry__tag-value {
  color: var(--octc-color-text);
  font-size: 0.84rem;
  line-height: 1.45;
}
.content .ox-api-module summary {
  display: grid;
  grid-template-columns: minmax(0, 1fr) auto auto;
  align-items: center;
  gap: 0.9rem;
}
.content .ox-api-module__body {
  padding-top: 0.15rem;
}
.content .ox-api-module__item {
  min-width: 0;
}
.content .ox-api-module__link {
  display: block;
  text-decoration: none;
}
.content .ox-api-module__link:hover {
  text-decoration: none;
}
.content .ox-api-module__name,
.content .ox-api-module__signature {
  display: block;
  font-family: var(--octc-font-mono);
  font-size: 0.91rem;
  line-height: 1.55;
  color: var(--octc-color-text);
}
.content .ox-api-module__summary {
  display: block;
  margin-top: 0.45rem;
  color: color-mix(in srgb, var(--octc-color-text) 76%, var(--octc-color-text-muted));
  font-size: 0.88rem;
  line-height: 1.55;
}
.content .ox-api-entry__section--signature pre {
  margin: 0;
  padding: 0.9rem 1rem;
  border: 1px solid var(--octc-color-code-frame-border);
  border-radius: 4px;
  background: var(--octc-color-code-bg) !important;
}
.content .ox-api-entry__section--signature pre code {
  font-size: 0.91rem;
}
.content .ox-api-entry__section--examples pre {
  margin: 0;
  border: 1px solid var(--octc-color-code-frame-border);
  border-radius: 4px;
}
.content .ox-api-entry__params {
  list-style: none;
  padding: 0;
  margin: 0;
}
.content .ox-api-entry__param {
  padding: 0.8rem 0;
  border-top: 1px solid color-mix(in srgb, var(--octc-color-border) 70%, transparent);
}
.content .ox-api-entry__param:first-child {
  padding-top: 0;
  border-top: 0;
}
.content .ox-api-entry__param-heading {
  display: flex;
  flex-wrap: wrap;
  align-items: center;
  gap: 0.5rem;
}
.content .ox-api-entry__param-name,
.content .ox-api-entry__return-type {
  font-family: var(--octc-font-mono);
  font-size: 0.84rem;
  font-weight: 600;
  color: var(--octc-color-text);
  background: color-mix(in srgb, var(--octc-color-bg-alt) 84%, transparent);
  border: 1px solid color-mix(in srgb, var(--octc-color-border) 82%, transparent);
  padding: 0.28rem 0.42rem;
  border-radius: 4px;
}
.content .ox-api-entry__param-type {
  font-family: var(--octc-font-mono);
  font-size: 0.78rem;
  color: var(--octc-color-text-muted);
  background: color-mix(in srgb, var(--octc-color-bg-alt) 60%, transparent);
  border: 1px solid color-mix(in srgb, var(--octc-color-border) 82%, transparent);
  padding: 0.26rem 0.42rem;
  border-radius: 4px;
}
.content .ox-api-entry__param-description,
.content .ox-api-entry__return-description {
  margin: 0.55rem 0 0;
  font-size: 0.88rem;
  line-height: 1.6;
  color: color-mix(in srgb, var(--octc-color-text) 78%, var(--octc-color-text-muted));
}
.content .ox-api-entry__return {
  margin: 0;
}
.content .ox-api-badge {
  display: inline-block;
  padding: 0.06rem 0.46rem;
  font-size: 0.7rem;
  font-weight: 600;
  line-height: 1.5;
  color: var(--octc-color-text-muted);
  background: color-mix(in srgb, var(--octc-color-bg-alt) 84%, transparent);
  border: 1px solid color-mix(in srgb, var(--octc-color-border) 82%, transparent);
  border-radius: 999px;
  vertical-align: middle;
}
.content .ox-api-badge:not(:first-child) {
  margin-left: 0.4rem;
}
.content .ox-api-badge--warning {
  color: var(--octc-color-code-line-warning-border);
  background: var(--octc-color-code-line-warning);
  border-color: color-mix(in srgb, var(--octc-color-code-line-warning-border) 45%, transparent);
}
.content .ox-api-entry__meta {
  display: inline-flex;
  flex-wrap: wrap;
  gap: 0.4rem;
}
.content .ox-api-entry__meta .ox-api-badge {
  margin-left: 0;
}
.content .ox-api-entry__member-group {
  margin-top: 1rem;
}
.content .ox-api-entry__member-group > h5 {
  margin: 0 0 0.5rem;
  font-size: 0.78rem;
  font-weight: 700;
  letter-spacing: 0.04em;
  text-transform: uppercase;
  color: var(--octc-color-text-muted);
}
.content .ox-api-entry__members-table {
  margin: 0;
}
.content .ox-api-entry__members-table th,
.content .ox-api-entry__members-table td {
  padding: 0.5rem 0.75rem;
  vertical-align: top;
}
.content .ox-api-entry__member-type {
  font-size: 0.8rem;
}
.content .ox-api-entry__member-detail {
  padding: 0.9rem 0;
  border-top: 1px solid color-mix(in srgb, var(--octc-color-border) 70%, transparent);
}
.content .ox-api-entry__member-detail:last-child {
  padding-bottom: 0;
}
.content .ox-api-entry__member-detail > h5 {
  margin: 0 0 0.5rem;
  font-family: var(--octc-font-mono);
  font-size: 0.95rem;
  font-weight: 600;
}
.content .ox-api-entry__member-meta {
  margin: 0 0 0.4rem;
}
.content .ox-api-entry__member-detail-section {
  margin-top: 0.6rem;
}
.content .ox-api-entry__member-detail-section h6 {
  margin: 0 0 0.3rem;
  font-size: 0.7rem;
  font-weight: 700;
  letter-spacing: 0.04em;
  text-transform: uppercase;
  color: var(--octc-color-text-muted);
}
.content .ox-api-entry__member-params {
  margin: 0;
  padding: 0;
  list-style: none;
  display: flex;
  flex-wrap: wrap;
  gap: 0.35rem;
}
.content .ox-api-entry__member-description {
  font-size: 0.88rem;
  line-height: 1.6;
  color: color-mix(in srgb, var(--octc-color-text) 78%, var(--octc-color-text-muted));
}
.toc {
  display: none;
  position: fixed;
  top: var(--octc-header-height);
  right: 0;
  bottom: 0;
  width: var(--octc-toc-width);
  padding: 2rem var(--octc-toc-pad-inline) 2rem calc(var(--octc-toc-pad-inline) + 0.25rem);
  border-left: 1px solid color-mix(in srgb, var(--octc-color-border) 58%, transparent);
  overflow-y: auto;
  overflow-wrap: anywhere;
}
.toc-title {
  margin-bottom: 0.75rem;
  color: var(--octc-color-text-muted);
  font-size: 0.75rem;
  font-weight: 700;
  letter-spacing: 0.08em;
  text-transform: uppercase;
}
.toc-list {
  list-style: none;
}
.toc-item {
  margin: 0;
}
.toc-link {
  display: block;
  padding: 0.28rem 0.6rem;
  color: var(--octc-color-text-muted);
  font-size: 0.8125rem;
  line-height: 1.4;
  border-left: 1px solid transparent;
}
.toc-link:hover {
  color: var(--octc-color-primary);
  text-decoration: none;
  border-left-color: var(--octc-color-primary);
}
.toc-link--depth-3 {
  padding-left: 1rem;
}
.toc-link--depth-4,
.toc-link--depth-5,
.toc-link--depth-6 {
  padding-left: 1.5rem;
}
@media (min-width: 1480px) {
  .toc {
    display: block;
  }
  .main--with-toc {
    padding-right: calc(var(--octc-toc-width) + var(--octc-toc-gap));
  }
}
/* Mobile Footer Bar */
.mobile-footer {
  display: none;
}
@media (max-width: 768px) {
  :root {
    --octc-code-pad-block: 0.95rem;
    --octc-code-pad-inline: 1rem;
    --octc-code-title-pad-block: 0.7rem;
    --octc-code-title-gap: 0.75rem;
    --octc-table-cell-pad-block: 0.5rem;
    --octc-table-cell-pad-inline: 0.75rem;
  }
  .header-actions {
    display: none;
  }
  .mobile-footer {
    display: flex;
    position: fixed;
    bottom: 0;
    left: 0;
    right: 0;
    height: calc(var(--octc-mobile-footer-height) + env(safe-area-inset-bottom, 0px));
    background: var(--octc-surface-glass);
    border-top: 1px solid var(--octc-color-border);
    justify-content: space-around;
    align-items: center;
    padding-left: max(var(--octc-mobile-gutter), env(safe-area-inset-left, 0px));
    padding-right: max(var(--octc-mobile-gutter), env(safe-area-inset-right, 0px));
    padding-bottom: env(safe-area-inset-bottom, 0px);
    z-index: 100;
  }
  .mobile-footer-btn {
    display: flex;
    flex-direction: column;
    align-items: center;
    justify-content: center;
    gap: 0.25rem;
    background: none;
    border: none;
    cursor: pointer;
    padding: 0.5rem;
    border-radius: 4px;
    color: var(--octc-color-text-muted);
    text-decoration: none;
    min-width: 48px;
  }
  .mobile-footer-btn svg {
    width: 22px;
    height: 22px;
  }
  .mobile-footer-label {
    font-size: 0.625rem;
    font-weight: 500;
    text-transform: uppercase;
    letter-spacing: 0.02em;
  }
  .menu-toggle {
    display: none;
  }
  .sidebar {
    position: fixed;
    top: calc(var(--octc-header-height) + 0.75rem);
    left: max(var(--octc-mobile-gutter), env(safe-area-inset-left, 0px));
    right: max(var(--octc-mobile-gutter), env(safe-area-inset-right, 0px));
    bottom: calc(var(--octc-mobile-footer-height) + env(safe-area-inset-bottom, 0px) + 0.75rem);
    width: auto;
    max-height: calc(
      100dvh - var(--octc-header-height) - var(--octc-mobile-footer-height) -
        env(safe-area-inset-bottom, 0px) - 1.5rem
    );
    transform: translateY(calc(100% + 1rem));
    z-index: 101;
    border: 1px solid var(--octc-color-border);
    border-radius: 8px;
    visibility: hidden;
    pointer-events: none;
    overflow-y: auto;
    overflow-x: hidden;
    overscroll-behavior-y: contain;
    -webkit-overflow-scrolling: touch;
    scrollbar-gutter: stable;
    padding: 1rem 1rem 1.25rem;
    background: var(--octc-color-bg-alt);
    background-clip: padding-box;
    contain: paint;
  }
  .entry-page .sidebar--entry {
    display: block;
  }
  [data-theme="dark"] .sidebar {
    background: var(--octc-color-bg-alt);
  }
  @media (prefers-color-scheme: dark) {
    :root:not([data-theme="light"]) .sidebar {
      background: var(--octc-color-bg-alt);
    }
  }
  .sidebar::before {
    display: none;
  }
  .sidebar.open {
    transform: translateY(0);
    visibility: visible;
    pointer-events: auto;
  }
  .sidebar .nav-link {
    min-height: var(--octc-touch-target);
    display: flex;
    align-items: center;
    padding-block: 0.625rem;
    line-height: 1.35;
  }
  .sidebar .nav-title--summary {
    min-height: var(--octc-touch-target);
    align-items: center;
  }
  .sidebar .nav-title--summary::before,
  .sidebar .nav-details > .nav-summary::before {
    margin-block-start: 0;
  }
  .main {
    margin-left: 0;
    padding: 0.9rem var(--octc-mobile-gutter);
    padding-left: max(var(--octc-mobile-gutter), env(safe-area-inset-left, 0px));
    padding-right: max(var(--octc-mobile-gutter), env(safe-area-inset-right, 0px));
    padding-bottom: calc(
      var(--octc-mobile-footer-height) + env(safe-area-inset-bottom, 0px) + 0.9rem
    );
  }
  .content {
    padding: 0;
  }
  .ox-breadcrumbs-item:not(:last-child)::after {
    margin-inline: 0.25rem;
  }
  /* The desktop rhythm scaled for a phone: body blocks 0.875rem apart, framed
   * blocks 1rem, headings still clearing more above than below. The steps keep
   * the same relationships, just sized for a 360-420px column. */
  .content h1 {
    font-size: 1.5rem;
    /* 1.08 is a display line-height for a title that never wraps. A mobile
     * title almost always wraps, and at 24px those lines collide. */
    line-height: 1.25;
    letter-spacing: -0.02em;
    margin-bottom: 0.75rem;
  }
  .content h2 {
    font-size: 1.25rem;
    margin-top: 2rem;
    margin-bottom: 0.6rem;
  }
  /* h2 was scaled down here and h3 was not, so an h3 rendered larger than the
   * h2 above it and the section hierarchy read backwards. */
  .content h3 {
    font-size: 1.0625rem;
    margin-top: 1.5rem;
    margin-bottom: 0.4rem;
  }
  .content h2 + h3 {
    margin-top: 1rem;
  }
  .content h4 {
    font-size: 0.9375rem;
    margin-top: 1.15rem;
    margin-bottom: 0.3rem;
  }
  .content p {
    margin-bottom: 0.875rem;
  }
  .content ul,
  .content ol {
    margin: 0.875rem 0;
    padding-left: 1.25rem;
  }
  .content blockquote,
  .content table,
  .content figure,
  /* The code wrapper is also styled by a sheet concatenated after this one, so
   * it needs the extra specificity to win. */
  .content .ox-code {
    margin-block: 1rem;
  }
  .content code {
    font-size: 0.82em;
    padding: 0.16em 0.34em;
  }
  .content pre {
    font-size: 0.78rem;
    margin: 1rem 0;
    border-radius: 8px;
    line-height: 1.6;
  }
  .content pre code {
    font-size: 0.78rem;
  }
  .content .ox-api-controls {
    justify-content: flex-start;
    gap: 0.625rem;
    flex-wrap: wrap;
    margin-bottom: 0.85rem;
  }
  .content .ox-api-controls__button {
    padding: 0.45rem 0.7rem;
    border-radius: 10px;
    font-size: 0.74rem;
  }
  .content .ox-api-entry summary,
  .content .ox-api-module summary {
    padding: 0.95rem 0.125rem 0.95rem 0;
  }
  .content .ox-api-entry summary {
    display: flex;
    flex-wrap: wrap;
    align-items: center;
    gap: 0.65rem 0.75rem;
  }
  .content .ox-api-module summary {
    display: flex;
    flex-wrap: wrap;
    align-items: center;
    gap: 0.65rem 0.75rem;
  }
  .content .ox-api-entry summary::after,
  .content .ox-api-module summary::after {
    order: 2;
    display: inline-flex;
    align-items: center;
    justify-content: center;
    width: 1.95rem;
    height: 1.95rem;
    margin-left: auto;
    border: 1px solid color-mix(in srgb, var(--octc-color-border) 82%, transparent);
    border-radius: 10px;
    background: color-mix(in srgb, var(--octc-color-bg-alt) 84%, var(--octc-color-bg));
    font-size: 1rem;
    line-height: 1;
    flex: 0 0 auto;
    align-self: center;
  }
  .content .ox-api-entry__kind {
    order: 1;
    width: auto;
    padding: 0.28rem 0.55rem;
    border: 1px solid color-mix(in srgb, var(--octc-color-border) 82%, transparent);
    border-radius: 8px;
    background: color-mix(in srgb, var(--octc-color-bg-alt) 80%, var(--octc-color-bg));
    font-size: 0.72rem;
    line-height: 1;
    align-self: center;
  }
  .content .ox-api-entry__summary-main {
    order: 3;
    flex: 1 1 100%;
    gap: 0.35rem;
  }
  .content .ox-api-module__item {
    order: 1;
    flex: 1 1 100%;
    min-width: 0;
  }
  .content .ox-api-module__count {
    order: 2;
    width: auto;
    max-width: 100%;
    padding: 0.28rem 0.55rem;
    border-radius: 8px;
  }
  .content .ox-api-entry__body {
    margin-left: 0;
    margin-top: 0.65rem;
    padding: 1rem 0.2rem 1.45rem;
    border-top: 0;
    border-left: 0;
    border-right: 0;
    border-bottom: 0;
    border-radius: 0;
    background: transparent;
  }
  .content .ox-api-entry__name,
  .content .ox-api-entry__signature,
  .content .ox-api-module__name,
  .content .ox-api-module__signature {
    font-size: 0.84rem;
    line-height: 1.5;
  }
  .content .ox-api-entry__description,
  .content .ox-api-module__summary {
    font-size: 0.82rem;
    line-height: 1.55;
  }
  .content .ox-api-entry__section {
    grid-template-columns: 1fr;
    gap: 0.5rem;
  }
  .content .ox-api-entry__tags li,
  .content .ox-api-module__list li {
    grid-template-columns: 1fr;
  }
  .content .ox-api-module__list li {
    gap: 0.4rem;
    padding: 0.85rem 0.1rem;
  }
  .content .ox-api-module__kind {
    width: auto;
    padding: 0;
    font-size: 0.72rem;
  }
  .content .ox-api-entry__signature {
    width: 100%;
  }
  .content code.ox-highlight-inline.ox-api-entry__signature--highlighted,
  .content code.ox-highlight-inline.ox-api-module__signature--highlighted {
    padding: 0.5rem 0.65rem !important;
    border-radius: 8px !important;
    font-size: 0.82rem !important;
  }
  .content pre.ox-code-block.line-numbers-mode .line {
    padding-left: 2.85rem;
  }
  .content pre.ox-code-block.line-numbers-mode .line::before {
    width: 1.65rem;
  }
  .content table {
    margin: 1rem 0;
    font-size: 0.8125rem;
  }
  .content th,
  .content td {
    white-space: nowrap;
    vertical-align: top;
  }
  .header {
    padding-left: max(var(--octc-mobile-gutter), env(safe-area-inset-left, 0px));
    padding-right: max(var(--octc-mobile-gutter), env(safe-area-inset-right, 0px));
  }
  .header-title {
    font-size: 1rem;
  }
  .header-title--logo-only .header-logo {
    width: 152px;
    height: auto;
  }
  .overlay {
    display: none;
    position: fixed;
    top: var(--octc-header-height);
    left: 0;
    right: 0;
    bottom: calc(var(--octc-mobile-footer-height) + env(safe-area-inset-bottom, 0px));
    background: color-mix(in srgb, var(--octc-color-bg) 72%, transparent);
    backdrop-filter: blur(2px);
    -webkit-backdrop-filter: blur(2px);
    overscroll-behavior: contain;
    touch-action: none;
    z-index: 98;
  }
  .overlay.open {
    display: block;
  }
}

@media (any-hover: hover) and (any-pointer: fine) {
  .mobile-footer-btn:hover {
    background: color-mix(in srgb, var(--octc-color-bg-alt) 82%, var(--octc-color-primary) 12%);
    color: var(--octc-color-text);
    text-decoration: none;
  }
}

@media (any-hover: none) and (any-pointer: coarse) {
  .mobile-footer-btn:focus {
    outline: none;
  }
}

@media (max-width: 480px) {
  :root {
    --octc-code-pad-block: 0.9rem;
    --octc-code-pad-inline: 0.95rem;
    --octc-code-title-pad-block: 0.65rem;
    --octc-code-title-gap: 0.72rem;
    --octc-table-cell-pad-block: 0.375rem;
    --octc-table-cell-pad-inline: 0.5rem;
  }
  .main {
    padding-block-start: 0.75rem;
    padding-bottom: calc(
      var(--octc-mobile-footer-height) + env(safe-area-inset-bottom, 0px) + 0.75rem
    );
  }
  .content h1 {
    font-size: 1.35rem;
  }
  .content h2 {
    font-size: 1.15rem;
    margin-top: 1.75rem;
  }
  .content h3 {
    font-size: 1rem;
    margin-top: 1.25rem;
  }
  .content h4 {
    font-size: 0.9rem;
  }
  .content code {
    font-size: 0.8em;
  }
  .content pre {
    font-size: 0.72rem;
  }
  .content pre code {
    font-size: 0.72rem;
  }
  .content .ox-api-entry summary::after,
  .content .ox-api-module summary::after {
    width: 1.85rem;
    height: 1.85rem;
  }
  .content .ox-api-entry__kind,
  .content .ox-api-module__count {
    font-size: 0.68rem;
  }
  .content table {
    font-size: 0.75rem;
  }
}

:focus-visible {
  outline: var(--octc-focus-ring);
  outline-offset: var(--octc-focus-offset);
}

/* ox-content:css:base:end */
/* ox-content:css:mpa-navigation:start */
@media (prefers-reduced-motion: no-preference) {
  @view-transition {
    navigation: auto;
  }

  /* The page background is propagated to the canvas, so it is painted outside
     the root element and never lands in the `root` snapshot. Anything the
     snapshots leave transparent therefore falls through the pseudo tree to
     whatever the compositor has behind it, which is not the page. The UA
     cross-fade hides that — `plus-lighter` is chosen precisely so the outgoing
     and incoming alphas sum back to one — but only while it is running.
     Painting the page color on the overlay itself removes the dependency, so a
     browser whose blend arrives late, or a transition that is skipped partway,
     still has the page color behind it rather than a black or white gap. */
  ::view-transition {
    background-color: var(--ox-content-mpa-navigation-bg, var(--octc-color-bg, Canvas));
  }
}

/* ox-content:css:mpa-navigation:end */
</style>
  <!-- ox-content:styles:end -->
<sp><sp>
</head>
<body>

  <header class="header">
    <button class="menu-toggle" aria-label="Toggle menu" aria-controls="ox-sidebar" aria-expanded="false">
      <svg width="24" height="24" viewBox="0 0 24 24" fill="none" stroke-width="2" stroke-linecap="round">
        <path d="M3 12h18M3 6h18M3 18h18"/>
      </svg>
    </button>
    <a href="/index.html" class="header-title" aria-label="Localized">

      <img src="/logo.svg" alt="" width="28" height="28" class="header-logo" />


      Localized

    </a>
    <div class="header-actions">
      <button class="search-button" aria-label="Search">
        <svg viewBox="0 0 24 24" fill="none" stroke="currentColor" stroke-width="2" stroke-linecap="round">
          <circle cx="11" cy="11" r="8"/><path d="m21 21-4.3-4.3"/>
        </svg>
        <span>Search</span>
        <kbd>&#8984;K</kbd>
      </button>
      <button class="theme-toggle" aria-label="Toggle theme">
        <svg class="icon-sun" viewBox="0 0 24 24" fill="none" stroke="currentColor" stroke-width="2" stroke-linecap="round">
          <circle cx="12" cy="12" r="5"/><path d="M12 1v2M12 21v2M4.22 4.22l1.42 1.42M18.36 18.36l1.42 1.42M1 12h2M21 12h2M4.22 19.78l1.42-1.42M18.36 5.64l1.42-1.42"/>
        </svg>
        <svg class="icon-moon" viewBox="0 0 24 24" fill="none" stroke="currentColor" stroke-width="2" stroke-linecap="round">
          <path d="M21 12.79A9 9 0 1 1 11.21 3 7 7 0 0 0 21 12.79z"/>
        </svg>
      </button>
    </div>
  </header>

  <div class="search-modal-overlay" role="dialog" aria-modal="true" aria-label="Search documentation">
    <div class="search-modal">
      <div class="search-header">
        <svg width="20" height="20" viewBox="0 0 24 24" fill="none" stroke="currentColor" stroke-width="2" stroke-linecap="round">
          <circle cx="11" cy="11" r="8"/><path d="m21 21-4.3-4.3"/>
        </svg>
        <input type="text" class="search-input" placeholder="Search documentation..." />
        <button type="button" class="search-close">Esc</button>
      </div>
      <div class="search-results"></div>
      <div class="search-footer">
        <span><kbd>&#8593;</kbd><kbd>&#8595;</kbd> to navigate</span>
        <span><kbd>Enter</kbd> to select</span>
        <span><kbd>Esc</kbd> to close</span>
      </div>
    </div>
  </div>
  <div class="overlay"></div>
  <div class="layout">

    <main class="main">


<article class="content">
<p>Content</p>
      </article>






    </main>

  </div>
  <footer class="mobile-footer">
    <button class="mobile-footer-btn" aria-label="Menu" aria-controls="ox-sidebar" aria-expanded="false" data-mobile-menu>
      <svg viewBox="0 0 24 24" fill="none" stroke="currentColor" stroke-width="2" stroke-linecap="round">
        <path d="M3 12h18M3 6h18M3 18h18"/>
      </svg>
      <span class="mobile-footer-label">Menu</span>
    </button>
    <button class="mobile-footer-btn" aria-label="Search" data-mobile-search>
      <svg viewBox="0 0 24 24" fill="none" stroke="currentColor" stroke-width="2" stroke-linecap="round">
        <circle cx="11" cy="11" r="8"/><path d="m21 21-4.3-4.3"/>
      </svg>
      <span class="mobile-footer-label">Search</span>
    </button>
    <button class="mobile-footer-btn" aria-label="Theme" data-mobile-theme>
      <svg class="icon-sun" viewBox="0 0 24 24" fill="none" stroke="currentColor" stroke-width="2" stroke-linecap="round">
        <circle cx="12" cy="12" r="5"/><path d="M12 1v2M12 21v2M4.22 4.22l1.42 1.42M18.36 18.36l1.42 1.42M1 12h2M21 12h2M4.22 19.78l1.42-1.42M18.36 5.64l1.42-1.42"/>
      </svg>
      <svg class="icon-moon" viewBox="0 0 24 24" fill="none" stroke="currentColor" stroke-width="2" stroke-linecap="round">
        <path d="M21 12.79A9 9 0 1 1 11.21 3 7 7 0 0 0 21 12.79z"/>
      </svg>
      <span class="mobile-footer-label">Theme</span>
    </button>
  </footer>
  <!-- ox-content:scripts:start -->
  <script>// ox-content:js:core:start
const toggle = document.querySelector(".menu-toggle"),
  mobileMenuBtn = document.querySelector("[data-mobile-menu]"),
  sidebar = document.querySelector(".sidebar"),
  overlay = document.querySelector(".overlay");

let lastMenuTrigger = null;

const setMenuOpen = (open, trigger = null, restoreFocus = false) => {
  if (!sidebar || !overlay) return;

  sidebar.classList.toggle("open", open);
  overlay.classList.toggle("open", open);
  document.body.classList.toggle("menu-open", open);
  [toggle, mobileMenuBtn].forEach((button) => button?.setAttribute("aria-expanded", String(open)));

  if (open && trigger instanceof HTMLElement) {
    lastMenuTrigger = trigger;
  } else if (!open) {
    const triggerToRestore = lastMenuTrigger;
    lastMenuTrigger = null;
    if (restoreFocus) {
      requestAnimationFrame(() => triggerToRestore?.focus());
    }
  }
};

const toggleMenu = (trigger) => setMenuOpen(!sidebar?.classList.contains("open"), trigger);

if (sidebar && overlay) {
  toggle?.addEventListener("click", () => toggleMenu(toggle));
  mobileMenuBtn?.addEventListener("click", () => toggleMenu(mobileMenuBtn));
  overlay.addEventListener("click", () => setMenuOpen(false));
  sidebar
    .querySelectorAll("a")
    .forEach((a) => a.addEventListener("click", () => setMenuOpen(false)));
  document.addEventListener("keydown", (e) => {
    if (e.key === "Escape" && sidebar.classList.contains("open")) {
      e.preventDefault();
      setMenuOpen(false, null, true);
    }
  });
}

if (sidebar) {
  const savedPos = sessionStorage.getItem("sidebarScroll");
  if (savedPos) sidebar.scrollTop = parseInt(savedPos, 10);
  sidebar.addEventListener("scroll", () =>
    sessionStorage.setItem("sidebarScroll", sidebar.scrollTop),
  );
}

const navStateStoragePrefix = "ox-content:nav:/:";
const getNavState = (key) => {
  try {
    return localStorage.getItem(navStateStoragePrefix + key);
  } catch {
    return null;
  }
};
const setNavState = (key, open) => {
  try {
    localStorage.setItem(navStateStoragePrefix + key, open ? "open" : "closed");
  } catch {
    // Ignore storage failures so navigation remains usable.
  }
};

document.querySelectorAll("details[data-ox-nav-state-key]").forEach((details) => {
  const key = details.getAttribute("data-ox-nav-state-key");
  if (!key) return;

  const savedState = getNavState(key);
  if (savedState === "open") {
    details.open = true;
  } else if (savedState === "closed") {
    details.open = false;
  }

  details.addEventListener("toggle", () => setNavState(key, details.open));
});

const themeToggle = document.querySelector(".theme-toggle"),
  readThemePreference = () => {
    try {
      const stored = localStorage.getItem("theme");
      return stored === "light" || stored === "dark" ? stored : "system";
    } catch {
      return "system";
    }
  },
  // `theme-color` tracks the system scheme through its media query, so a forced
  // theme leaves the browser painting its own window — and the gap it shows
  // between two documents mid-navigation — in the opposite color. Pinning the
  // matching meta and muting the other keeps the two in step.
  syncThemeColor = (theme) => {
    for (const meta of document.querySelectorAll('meta[name="theme-color"][media]')) {
      const base = (meta.dataset.octcMedia ??= meta.media),
        scheme = base.includes("dark") ? "dark" : "light";
      meta.media =
        theme === "light" || theme === "dark" ? (theme === scheme ? "all" : "not all") : base;
    }
  },
  applyThemePreference = (theme) => {
    if (theme === "light" || theme === "dark") {
      document.documentElement.setAttribute("data-theme", theme);
    } else {
      document.documentElement.removeAttribute("data-theme");
    }
    syncThemeColor(theme);
  },
  setTheme = (theme) => {
    if (theme !== "light" && theme !== "dark") return;
    applyThemePreference(theme);
    try {
      localStorage.setItem("theme", theme);
    } catch {
      // The visual preference still applies when storage is unavailable.
    }
  },
  getTheme = () =>
    document.documentElement.getAttribute("data-theme") ||
    (matchMedia("(prefers-color-scheme: dark)").matches ? "dark" : "light"),
  syncThemePreference = () => applyThemePreference(readThemePreference());

window.addEventListener("pageshow", syncThemePreference);
window.addEventListener("storage", (event) => {
  if (event.key === "theme") syncThemePreference();
});

// The circular reveal is opt-in and ships as its own section, so the toggle
// falls back to an immediate switch when it is not on the page.
const toggleTheme = (event) => {
  const next = getTheme() === "dark" ? "light" : "dark";
  if (typeof applyThemeTransition === "function") {
    void applyThemeTransition({ event, nextTheme: next, apply: () => setTheme(next) });
  } else {
    setTheme(next);
  }
};

themeToggle?.addEventListener("click", toggleTheme);

const markdownTableScrollLabel = () =>
  (document.documentElement.lang || "").toLowerCase().startsWith("ja")
    ? "横スクロールできる表"
    : "Scrollable table";

let tableScrollResizePending = false;
const enhanceMarkdownTables = () => {
  const label = markdownTableScrollLabel();
  document.querySelectorAll(".content table").forEach((table) => {
    if (!(table instanceof HTMLElement)) return;
    const scrollable = table.scrollWidth > table.clientWidth + 1;
    table.toggleAttribute("data-ox-table-scrollable", scrollable);
    if (scrollable) {
      if (!table.hasAttribute("tabindex")) {
        table.tabIndex = 0;
        table.dataset.oxTableScrollTabindex = "true";
      }
      if (!table.hasAttribute("aria-label") && !table.hasAttribute("aria-labelledby")) {
        table.setAttribute("aria-label", label);
        table.dataset.oxTableScrollLabel = "true";
      }
    } else {
      if (table.dataset.oxTableScrollTabindex === "true") {
        table.removeAttribute("tabindex");
        delete table.dataset.oxTableScrollTabindex;
      }
      if (table.dataset.oxTableScrollLabel === "true") {
        table.removeAttribute("aria-label");
        delete table.dataset.oxTableScrollLabel;
      }
    }
  });
};

enhanceMarkdownTables();
window.addEventListener("resize", () => {
  if (tableScrollResizePending) return;
  tableScrollResizePending = true;
  requestAnimationFrame(() => {
    tableScrollResizePending = false;
    enhanceMarkdownTables();
  });
});

const searchBtn = document.querySelector(".search-button");
let searchApiPromise = null;

const loadSearchApi = async () => {
  if (searchApiPromise) {
    return searchApiPromise;
  }

  searchApiPromise = new Promise((resolve) => {
    if (typeof window.__oxContentInitSearch === "function") {
      resolve(window.__oxContentInitSearch());
      return;
    }

    const script = document.createElement("script");
    script.src = "__OX_CONTENT_SEARCH_CHUNK__";
    script.defer = true;
    script.onload = () =>
      resolve(
        typeof window.__oxContentInitSearch === "function" ? window.__oxContentInitSearch() : null,
      );
    script.onerror = () => {
      console.warn("[ox-content] Search chunk failed to load");
      searchApiPromise = null;
      resolve(null);
    };
    document.head.appendChild(script);
  });

  return searchApiPromise;
};

const openSearch = async () => {
  const api = await loadSearchApi();
  api?.openSearch();
};

const isTypingTarget = (target) =>
  target instanceof HTMLInputElement ||
  target instanceof HTMLTextAreaElement ||
  target instanceof HTMLSelectElement ||
  (target instanceof HTMLElement && target.isContentEditable);

searchBtn?.addEventListener("click", () => {
  void openSearch();
});

document.addEventListener("keydown", (e) => {
  if (
    (e.key === "/" && !isTypingTarget(e.target)) ||
    ((e.metaKey || e.ctrlKey) && e.key.toLowerCase() === "k")
  ) {
    e.preventDefault();
    void openSearch();
  }
});

const scrollToHash = () => {
  const hash = location.hash;
  if (!hash) return;

  const target = document.querySelector(hash);
  if (!target) return;

  setTimeout(() => target.scrollIntoView({ behavior: "smooth", block: "start" }), 100);
};

scrollToHash();
window.addEventListener("hashchange", scrollToHash);
document.querySelectorAll('a[href^="#"]').forEach((a) =>
  a.addEventListener("click", (e) => {
    const hash = a.getAttribute("href");
    const target = hash ? document.querySelector(hash) : null;
    if (target) {
      e.preventDefault();
      target.scrollIntoView({ behavior: "smooth", block: "start" });
      history.pushState(null, null, hash);
    }
  }),
);

const mobileSearchBtn = document.querySelector("[data-mobile-search]"),
  mobileThemeBtn = document.querySelector("[data-mobile-theme]");

mobileSearchBtn?.addEventListener("click", () => {
  void openSearch();
});

mobileThemeBtn?.addEventListener("click", toggleTheme);

document.querySelectorAll(".ox-api-controls").forEach((controls) => {
  const targetSelector = controls.getAttribute("data-ox-api-target");
  if (!targetSelector) return;

  controls.querySelectorAll("[data-ox-api-toggle]").forEach((button) => {
    button.addEventListener("click", () => {
      const shouldOpen = button.getAttribute("data-ox-api-toggle") === "expand";
      document.querySelectorAll(targetSelector).forEach((entry) => {
        if (entry instanceof HTMLDetailsElement) {
          entry.open = shouldOpen;
        }
      });
    });
  });
});

// ox-content:search:start
const getOxContentSearchElements = () => {
  const searchOverlay = document.querySelector(".search-modal-overlay"),
    searchInput = document.querySelector(".search-input"),
    searchResults = document.querySelector(".search-results"),
    searchClose = document.querySelector(".search-close");

  if (!searchOverlay || !searchInput || !searchResults) {
    return null;
  }

  return {
    searchOverlay,
    searchInput,
    searchResults,
    searchClose,
    localeSelect: searchOverlay.querySelector("[data-search-filter=locale]"),
    versionSelect: searchOverlay.querySelector("[data-search-filter=version]"),
  };
};

const createOxContentSearchState = () => ({
  searchIndex: null,
  indexes: new Map(),
  filter: null,
  selectedIdx: 0,
  results: [],
  searchTimeout: null,
});

const defaultOxContentSearchIndexUrl = () =>
  document.documentElement.getAttribute("data-ox-search-index") || "/search-index.json";

const readOxContentSearchFilter = (elements) => {
  const localeSelect = elements.localeSelect;
  const versionSelect = elements.versionSelect;
  const selectedVersion =
    versionSelect instanceof HTMLSelectElement ? versionSelect.selectedOptions[0] : null;
  const localeCodes = new Set();
  if (localeSelect instanceof HTMLSelectElement) {
    for (const option of localeSelect.options) {
      if (option.value) localeCodes.add(option.value.toLowerCase());
    }
  }
  return {
    locale: localeSelect instanceof HTMLSelectElement ? localeSelect.value.toLowerCase() : "",
    defaultLocale: (localeSelect?.getAttribute("data-default-locale") || "en").toLowerCase(),
    localeCodes,
    versionPrefix: (selectedVersion?.getAttribute("data-prefix") || "")
      .replace(/^\/+|\/+$/g, "")
      .toLowerCase(),
    indexUrl: selectedVersion?.getAttribute("data-index") || defaultOxContentSearchIndexUrl(),
  };
};

const loadOxContentSearchIndex = async (state, indexUrl) => {
  const cached = state.indexes.get(indexUrl);
  if (cached) {
    state.searchIndex = cached;
    return;
  }
  try {
    const index = await (await fetch(indexUrl)).json();
    state.indexes.set(indexUrl, index);
    state.searchIndex = index;
  } catch (e) {
    console.warn("Search index load failed:", e);
    state.searchIndex = null;
  }
};

const firstOxContentPathSegment = (path) => {
  let start = 0;
  while (path.charCodeAt(start) === 47) start++;
  if (start >= path.length) return "";
  const slash = path.indexOf("/", start);
  return (slash === -1 ? path.slice(start) : path.slice(start, slash)).toLowerCase();
};

const oxContentDocLocale = (doc, filter) => {
  if (doc.__oxLocalePref === filter.versionPrefix) return doc.__oxLocale;

  let path = (doc.url || doc.id || "").replace(/^\/+/, "").toLowerCase();
  const prefix = filter.versionPrefix;
  if (prefix && (path === prefix || path.startsWith(prefix + "/"))) {
    path = path.slice(prefix.length + (path === prefix ? 0 : 1));
  }
  const first = firstOxContentPathSegment(path);
  const locale = first && filter.localeCodes.has(first) ? first : filter.defaultLocale;
  doc.__oxLocalePref = filter.versionPrefix;
  doc.__oxLocale = locale;
  return locale;
};

const matchesOxContentLocale = (doc, filter) =>
  !filter.locale || oxContentDocLocale(doc, filter) === filter.locale;

const parseOxContentScopedQuery = (query) => {
  const scopes = [];
  const terms = [];
  for (const part of query.trim().split(/\s+/).filter(Boolean)) {
    if (part.startsWith("@") && part.length > 1) {
      scopes.push(part.slice(1).toLowerCase());
    } else {
      terms.push(part);
    }
  }
  return { text: terms.join(" ").trim(), scopes: [...new Set(scopes)] };
};

const getOxContentScopesForDoc = (doc) => {
  const source = (doc.id || doc.url || "").replace(/^\/+/, "").toLowerCase();
  const segments = source.split("/").filter(Boolean);
  if (segments.length <= 1) return [];

  const scopes = [];
  let current = "";
  for (const segment of segments.slice(0, -1)) {
    current = current ? current + "/" + segment : segment;
    scopes.push(current);
  }
  return scopes;
};

const matchesOxContentScopes = (doc, scopes) => {
  if (!scopes.length) return true;
  // A doc's scopes derive only from its immutable id/url, but this predicate
  // runs once per posting per term. The same doc is therefore revisited many
  // times during a single query and across subsequent keystrokes. Cache the
  // Set on the document object so scope membership becomes one property read
  // plus `Set.has` for the rest of the index lifetime.
  const docScopes = doc.__oxScopes || (doc.__oxScopes = new Set(getOxContentScopesForDoc(doc)));
  return scopes.some((scope) => docScopes.has(scope));
};

const matchesOxContentDoc = (doc, scopes, filter) =>
  matchesOxContentLocale(doc, filter) && matchesOxContentScopes(doc, scopes);

const tokenizeOxContentSearchText = (text) => {
  const tokens = [];
  let current = "";

  for (const ch of text) {
    if (/[\u4E00-\u9FFF\u3400-\u4DBF\u3040-\u309F\u30A0-\u30FF\uAC00-\uD7AF]/.test(ch)) {
      if (current) {
        tokens.push(current.toLowerCase());
        current = "";
      }
      tokens.push(ch);
    } else if (/[a-zA-Z0-9_]/.test(ch)) {
      current += ch;
    } else if (current) {
      tokens.push(current.toLowerCase());
      current = "";
    }
  }

  if (current) tokens.push(current.toLowerCase());
  return tokens;
};

const renderOxContentSearchResults = (elements, state) => {
  if (!state.results.length) {
    elements.searchResults.innerHTML = '<div class="search-empty">No results</div>';
    return;
  }

  elements.searchResults.innerHTML = state.results
    .map(
      (result, index) =>
        '<a href="' +
        result.url +
        '" class="search-result' +
        (index === state.selectedIdx ? " selected" : "") +
        '"><div class="search-result-title">' +
        result.title +
        (result.scopes?.length
          ? '<span class="search-result-scope">@' + result.scopes[0] + "</span>"
          : "") +
        "</div>" +
        (result.snippet ? '<div class="search-result-snippet">' + result.snippet + "</div>" : "") +
        "</a>",
    )
    .join("");
};

const scoreOxContentSearchTerms = (searchIndex, parsedQuery, tokens, filter) => {
  const k1 = 1.2,
    b = 0.75,
    scores = new Map();

  if (!tokens.length) {
    searchIndex.documents.forEach((doc, idx) => {
      if (matchesOxContentDoc(doc, parsedQuery.scopes, filter)) {
        scores.set(idx, { score: 0, matches: new Set() });
      }
    });
  }

  for (let i = 0; i < tokens.length; i++) {
    const token = tokens[i],
      isLast = i === tokens.length - 1;
    const terms =
      isLast && token.length >= 2
        ? // Prefix expansion scans the whole vocabulary. Materialize the
          // vocabulary key list once and reuse it across keystrokes instead of
          // rebuilding `Object.keys(searchIndex.index)` on every query. The
          // final `filter` still runs per query because the prefix changes.
          (
            searchIndex.__oxIndexKeys ||
            (searchIndex.__oxIndexKeys = Object.keys(searchIndex.index))
          ).filter((term) => term.startsWith(token))
        : searchIndex.index[token]
          ? [token]
          : [];

    addOxContentTermScores(searchIndex, scores, parsedQuery.scopes, terms, k1, b, filter);
  }

  return scores;
};

const addOxContentTermScores = (searchIndex, scores, scopes, terms, k1, b, filter) => {
  for (const term of terms) {
    const postings = searchIndex.index[term] || [],
      df = searchIndex.df[term] || 1,
      idf = Math.log((searchIndex.doc_count - df + 0.5) / (df + 0.5) + 1);

    for (const posting of postings) {
      const doc = searchIndex.documents[posting.doc_idx];
      if (!doc || !matchesOxContentDoc(doc, scopes, filter)) continue;

      const boost = posting.field === "Title" ? 10 : posting.field === "Heading" ? 5 : 1,
        score =
          idf *
          ((posting.tf * (k1 + 1)) /
            (posting.tf + k1 * (1 - b + (b * doc.body.length) / searchIndex.avg_dl))) *
          boost;

      // One Map lookup in the steady state instead of `has` followed by `get`.
      // This runs once per posting per term on every keystroke, so removing
      // the duplicate lookup matters more than the few cold inserts.
      let entry = scores.get(posting.doc_idx);
      if (entry === undefined) {
        entry = { score: 0, matches: new Set() };
        scores.set(posting.doc_idx, entry);
      }
      entry.score += score;
      entry.matches.add(term);
    }
  }
};

const createOxContentSnippet = (doc, matches) => {
  if (!doc.body) return "";

  const bodyLower = doc.body.toLowerCase();
  let firstPos = -1;
  for (const match of matches) {
    const pos = bodyLower.indexOf(match);
    if (pos !== -1 && (firstPos === -1 || pos < firstPos)) {
      firstPos = pos;
    }
  }

  const start = firstPos === -1 ? 0 : Math.max(0, firstPos - 50),
    end = Math.min(doc.body.length, start + 150);
  let snippet = doc.body.slice(start, end);
  if (start > 0) snippet = "..." + snippet;
  if (end < doc.body.length) snippet += "...";
  return snippet;
};

const buildOxContentSearchResults = (searchIndex, parsedQuery, filter) => {
  const tokens = tokenizeOxContentSearchText(parsedQuery.text);
  const scores = scoreOxContentSearchTerms(searchIndex, parsedQuery, tokens, filter);

  return Array.from(scores.entries())
    .map(([idx, data]) => {
      const doc = searchIndex.documents[idx];
      return {
        ...doc,
        score: data.score,
        scopes: getOxContentScopesForDoc(doc),
        snippet: createOxContentSnippet(doc, data.matches),
      };
    })
    .sort((a, b) => b.score - a.score || a.title.localeCompare(b.title))
    .slice(0, 10);
};

const runOxContentSearch = async (query, elements, state) => {
  const filter = state.filter || (state.filter = readOxContentSearchFilter(elements));
  await loadOxContentSearchIndex(state, filter.indexUrl);
  if (!state.searchIndex) {
    elements.searchResults.innerHTML = '<div class="search-empty">Index unavailable</div>';
    return;
  }

  const parsedQuery = parseOxContentScopedQuery(query);
  if (!parsedQuery.text && parsedQuery.scopes.length === 0) {
    elements.searchResults.innerHTML = "";
    state.results = [];
    return;
  }

  state.results = buildOxContentSearchResults(state.searchIndex, parsedQuery, filter);
  state.selectedIdx = 0;
  renderOxContentSearchResults(elements, state);
};

const registerOxContentSearchEvents = (elements, state, closeSearch) => {
  elements.searchClose?.addEventListener("click", closeSearch);
  elements.searchOverlay.addEventListener("click", (e) => {
    if (e.target === elements.searchOverlay) closeSearch();
  });
  elements.searchResults.addEventListener("click", (e) => {
    if (e.target instanceof Element && e.target.closest("a.search-result")) closeSearch();
  });
  elements.searchInput.addEventListener("input", () => {
    if (state.searchTimeout) clearTimeout(state.searchTimeout);
    state.searchTimeout = setTimeout(
      () => runOxContentSearch(elements.searchInput.value, elements, state),
      150,
    );
  });
  elements.searchInput.addEventListener("keydown", (e) => {
    handleOxContentSearchKeydown(e, elements, state, closeSearch);
  });
  elements.searchOverlay.addEventListener("keydown", (e) => {
    if (e.key === "Escape") closeSearch();
  });
  elements.searchOverlay.addEventListener("change", (e) => {
    if (!(e.target instanceof HTMLSelectElement) || !e.target.closest(".search-filters")) {
      return;
    }
    if (state.searchTimeout) clearTimeout(state.searchTimeout);
    state.filter = readOxContentSearchFilter(elements);
    void runOxContentSearch(elements.searchInput.value, elements, state);
  });
};

const handleOxContentSearchKeydown = (e, elements, state, closeSearch) => {
  if (e.isComposing || e.keyCode === 229) return;

  if (e.key === "Escape") closeSearch();
  else if (e.key === "ArrowDown") {
    e.preventDefault();
    if (state.selectedIdx < state.results.length - 1) {
      state.selectedIdx++;
      renderOxContentSearchResults(elements, state);
    }
  } else if (e.key === "ArrowUp") {
    e.preventDefault();
    if (state.selectedIdx > 0) {
      state.selectedIdx--;
      renderOxContentSearchResults(elements, state);
    }
  } else if (e.key === "Enter" && state.results[state.selectedIdx]) {
    e.preventDefault();
    location.href = state.results[state.selectedIdx].url;
  }
};

const createOxContentSearchApi = (elements) => {
  const state = createOxContentSearchState();
  state.filter = readOxContentSearchFilter(elements);
  const openSearch = () => {
    elements.searchOverlay.classList.add("open");
    document.body.classList.add("search-open");
    elements.searchInput.focus();
  };
  const closeSearch = () => {
    elements.searchOverlay.classList.remove("open");
    document.body.classList.remove("search-open");
    elements.searchInput.value = "";
    elements.searchResults.innerHTML = "";
    state.selectedIdx = 0;
    state.results = [];
  };

  registerOxContentSearchEvents(elements, state, closeSearch);
  return { openSearch, closeSearch };
};

window.__oxContentInitSearch = (() => {
  let api = null;

  return () => {
    if (api) {
      return api;
    }

    const elements = getOxContentSearchElements();
    if (!elements) {
      return null;
    }

    api = createOxContentSearchApi(elements);
    return api;
  };
})();
// ox-content:search:end

// ox-content:js:core:end
</script>
  <!-- ox-content:scripts:end -->
</body>
</html>
