---
source: crates/ox_content_parser/tests/snapshot_parse.rs
description: "- parent\n  - child\n  - second child\n    1. deep one\n    2. deep two\n- sibling\n"
---
Document [0..78]
  List ordered=false start=- spread=false [0..78]
    ListItem spread=false checked=- [0..68]
      Paragraph [2..9]
        Text "parent" [2..8]
      List ordered=false start=- spread=false [9..68]
        ListItem spread=false checked=- [9..19]
          Paragraph [13..19]
            Text "child" [13..18]
        ListItem spread=false checked=- [19..68]
          Paragraph [23..36]
            Text "second child" [23..35]
          List ordered=true start=1 spread=false [36..68]
            ListItem spread=false checked=- [36..52]
              Paragraph [43..52]
                Text "deep one" [43..51]
            ListItem spread=false checked=- [52..68]
              Paragraph [59..68]
                Text "deep two" [59..67]
    ListItem spread=false checked=- [68..78]
      Paragraph [70..78]
        Text "sibling" [70..77]
