---
source: crates/ox_content_parser/tests/snapshot_parse.rs
description: "| a | b | c |\n| :-- | :-: | --: |\n| 1 | 2 | 3 |\n"
---
Document [0..48]
  Table align=[left,center,right] [0..48]
    TableRow [0..13]
      TableCell [2..3]
        Text "a" [2..3]
      TableCell [6..7]
        Text "b" [6..7]
      TableCell [10..11]
        Text "c" [10..11]
    TableRow [34..47]
      TableCell [36..37]
        Text "1" [36..37]
      TableCell [40..41]
        Text "2" [40..41]
      TableCell [44..45]
        Text "3" [44..45]
