---
source: crates/ox_content_parser/tests/snapshot_parse.rs
description: "| name | status |\n| ---- | ------ |\n| **bold** | *italic* |\n| `code` | ~~old~~ |\n"
---
Document [0..81]
  Table align=[none,none] [0..81]
    TableRow [0..17]
      TableCell [2..6]
        Text "name" [2..6]
      TableCell [9..15]
        Text "status" [9..15]
    TableRow [36..59]
      TableCell [38..46]
        Strong [38..46]
          Text "bold" [40..44]
      TableCell [49..57]
        Emphasis [49..57]
          Text "italic" [50..56]
    TableRow [60..80]
      TableCell [62..68]
        InlineCode "code" [62..68]
      TableCell [71..78]
        Delete [71..78]
          Text "old" [73..76]
